Archive member included to satisfy reference by file (symbol)

.\CortexM3\ARM_GCC_541\Debug\project1.a(CyLib.o)
                              .\CortexM3\ARM_GCC_541\Debug\Cm3Start.o (CyHalt)
.\CortexM3\ARM_GCC_541\Debug\project1.a(cyPm.o)
                              .\CortexM3\ARM_GCC_541\Debug\project1.a(CyLib.o) (CyPmReadStatus)
.\CortexM3\ARM_GCC_541\Debug\project1.a(LCD.o)
                              .\CortexM3\ARM_GCC_541\Debug\main.o (LCD_PutChar)
.\CortexM3\ARM_GCC_541\Debug\project1.a(LED.o)
                              .\CortexM3\ARM_GCC_541\Debug\main.o (LED_Write)
.\CortexM3\ARM_GCC_541\Debug\project1.a(USBUART.o)
                              .\CortexM3\ARM_GCC_541\Debug\main.o (USBUART_Start)
.\CortexM3\ARM_GCC_541\Debug\project1.a(USBUART_cdc.o)
                              .\CortexM3\ARM_GCC_541\Debug\main.o (USBUART_CDC_Init)
.\CortexM3\ARM_GCC_541\Debug\project1.a(USBUART_drv.o)
                              .\CortexM3\ARM_GCC_541\Debug\project1.a(USBUART.o) (USBUART_lastPacketSize)
.\CortexM3\ARM_GCC_541\Debug\project1.a(USBUART_episr.o)
                              .\CortexM3\ARM_GCC_541\Debug\project1.a(USBUART.o) (USBUART_EP_1_ISR)
.\CortexM3\ARM_GCC_541\Debug\project1.a(USBUART_pm.o)
                              .\CortexM3\ARM_GCC_541\Debug\project1.a(USBUART.o) (USBUART_DP_ISR)
.\CortexM3\ARM_GCC_541\Debug\project1.a(USBUART_std.o)
                              .\CortexM3\ARM_GCC_541\Debug\project1.a(USBUART_pm.o) (USBUART_ConfigReg)
.\CortexM3\ARM_GCC_541\Debug\project1.a(USBUART_vnd.o)
                              .\CortexM3\ARM_GCC_541\Debug\project1.a(USBUART_drv.o) (USBUART_HandleVendorRqst)
.\CortexM3\ARM_GCC_541\Debug\project1.a(USBUART_Dp.o)
                              .\CortexM3\ARM_GCC_541\Debug\project1.a(USBUART.o) (USBUART_Dp_ClearInterrupt)
.\CortexM3\ARM_GCC_541\Debug\project1.a(CyBootAsmGnu.o)
                              .\CortexM3\ARM_GCC_541\Debug\cyfitter_cfg.o (CyDelayCycles)
.\CortexM3\ARM_GCC_541\Debug\project1.a(CyFlash.o)
                              .\CortexM3\ARM_GCC_541\Debug\project1.a(cyPm.o) (CyFlash_SetWaitCycles)
.\CortexM3\ARM_GCC_541\Debug\project1.a(CySpc.o)
                              .\CortexM3\ARM_GCC_541\Debug\project1.a(CyFlash.o) (CySpcStart)
.\CortexM3\ARM_GCC_541\Debug\project1.a(USBUART_cls.o)
                              .\CortexM3\ARM_GCC_541\Debug\project1.a(USBUART_drv.o) (USBUART_DispatchClassRqst)
.\CortexM3\ARM_GCC_541\Debug\project1.a(USBUART_descr.o)
                              .\CortexM3\ARM_GCC_541\Debug\project1.a(USBUART_std.o) (USBUART_idSerialNumberStringDescriptor)
c:/program files (x86)/cypress/psoc creator/4.4/psoc creator/import/gnu/arm/5.4.1/bin/../lib/gcc/arm-none-eabi/5.4.1/../../../../arm-none-eabi/lib/armv7-m\libg_nano.a(lib_a-errno.o)
                              .\CortexM3\ARM_GCC_541\Debug\Cm3Start.o (__errno)
c:/program files (x86)/cypress/psoc creator/4.4/psoc creator/import/gnu/arm/5.4.1/bin/../lib/gcc/arm-none-eabi/5.4.1/../../../../arm-none-eabi/lib/armv7-m\libg_nano.a(lib_a-exit.o)
                              c:/program files (x86)/cypress/psoc creator/4.4/psoc creator/import/gnu/arm/5.4.1/bin/../lib/gcc/arm-none-eabi/5.4.1/../../../../arm-none-eabi/lib/armv7-m/crt0.o (exit)
c:/program files (x86)/cypress/psoc creator/4.4/psoc creator/import/gnu/arm/5.4.1/bin/../lib/gcc/arm-none-eabi/5.4.1/../../../../arm-none-eabi/lib/armv7-m\libg_nano.a(lib_a-impure.o)
                              c:/program files (x86)/cypress/psoc creator/4.4/psoc creator/import/gnu/arm/5.4.1/bin/../lib/gcc/arm-none-eabi/5.4.1/../../../../arm-none-eabi/lib/armv7-m\libg_nano.a(lib_a-exit.o) (_global_impure_ptr)
c:/program files (x86)/cypress/psoc creator/4.4/psoc creator/import/gnu/arm/5.4.1/bin/../lib/gcc/arm-none-eabi/5.4.1/../../../../arm-none-eabi/lib/armv7-m\libg_nano.a(lib_a-init.o)
                              c:/program files (x86)/cypress/psoc creator/4.4/psoc creator/import/gnu/arm/5.4.1/bin/../lib/gcc/arm-none-eabi/5.4.1/../../../../arm-none-eabi/lib/armv7-m/crt0.o (__libc_init_array)
c:/program files (x86)/cypress/psoc creator/4.4/psoc creator/import/gnu/arm/5.4.1/bin/../lib/gcc/arm-none-eabi/5.4.1/../../../../arm-none-eabi/lib/armv7-m\libg_nano.a(lib_a-memcpy-stub.o)
                              .\CortexM3\ARM_GCC_541\Debug\cyfitter_cfg.o (memcpy)
c:/program files (x86)/cypress/psoc creator/4.4/psoc creator/import/gnu/arm/5.4.1/bin/../lib/gcc/arm-none-eabi/5.4.1/../../../../arm-none-eabi/lib/armv7-m\libg_nano.a(lib_a-memset.o)
                              c:/program files (x86)/cypress/psoc creator/4.4/psoc creator/import/gnu/arm/5.4.1/bin/../lib/gcc/arm-none-eabi/5.4.1/../../../../arm-none-eabi/lib/armv7-m/crt0.o (memset)
c:/program files (x86)/cypress/psoc creator/4.4/psoc creator/import/gnu/arm/5.4.1/bin/../lib/gcc/arm-none-eabi/5.4.1/../../../../arm-none-eabi/lib/armv7-m\libg_nano.a(lib_a-strcmp.o)
                              .\CortexM3\ARM_GCC_541\Debug\main.o (strcmp)

[...]
Memory Configuration

Name             Origin             Length             Attributes
rom              0x00000000         0x00040000         xr
ram              0x1fff8000         0x00010000         xrw
*default*        0x00000000         0xffffffff

Linker script and memory map

LOAD c:/program files (x86)/cypress/psoc creator/4.4/psoc creator/import/gnu/arm/5.4.1/bin/../lib/gcc/arm-none-eabi/5.4.1/armv7-m/crti.o
LOAD c:/program files (x86)/cypress/psoc creator/4.4/psoc creator/import/gnu/arm/5.4.1/bin/../lib/gcc/arm-none-eabi/5.4.1/armv7-m/crtbegin.o
LOAD c:/program files (x86)/cypress/psoc creator/4.4/psoc creator/import/gnu/arm/5.4.1/bin/../lib/gcc/arm-none-eabi/5.4.1/../../../../arm-none-eabi/lib/armv7-m/crt0.o
START GROUP
LOAD .\CortexM3\ARM_GCC_541\Debug\main.o
LOAD .\CortexM3\ARM_GCC_541\Debug\cyfitter_cfg.o
LOAD .\CortexM3\ARM_GCC_541\Debug\cymetadata.o
LOAD .\CortexM3\ARM_GCC_541\Debug\Cm3Start.o
LOAD .\CortexM3\ARM_GCC_541\Debug\project1.a
LOAD C:\Program Files (x86)\Cypress\PSoC Creator\4.4\PSoC Creator\psoc\content\cycomponentlibrary\CyComponentLibrary.cylib\CortexM3\ARM_GCC_541\Debug\CyComponentLibrary.a
END GROUP
START GROUP
LOAD c:/program files (x86)/cypress/psoc creator/4.4/psoc creator/import/gnu/arm/5.4.1/bin/../lib/gcc/arm-none-eabi/5.4.1/armv7-m\libgcc.a
LOAD c:/program files (x86)/cypress/psoc creator/4.4/psoc creator/import/gnu/arm/5.4.1/bin/../lib/gcc/arm-none-eabi/5.4.1/../../../../arm-none-eabi/lib/armv7-m\libg_nano.a
LOAD c:/program files (x86)/cypress/psoc creator/4.4/psoc creator/import/gnu/arm/5.4.1/bin/../lib/gcc/arm-none-eabi/5.4.1/../../../../arm-none-eabi/lib/armv7-m\libc_nano.a
END GROUP
START GROUP
LOAD c:/program files (x86)/cypress/psoc creator/4.4/psoc creator/import/gnu/arm/5.4.1/bin/../lib/gcc/arm-none-eabi/5.4.1/armv7-m\libgcc.a
LOAD c:/program files (x86)/cypress/psoc creator/4.4/psoc creator/import/gnu/arm/5.4.1/bin/../lib/gcc/arm-none-eabi/5.4.1/../../../../arm-none-eabi/lib/armv7-m\libc_nano.a
END GROUP
LOAD c:/program files (x86)/cypress/psoc creator/4.4/psoc creator/import/gnu/arm/5.4.1/bin/../lib/gcc/arm-none-eabi/5.4.1/armv7-m/crtend.o
LOAD c:/program files (x86)/cypress/psoc creator/4.4/psoc creator/import/gnu/arm/5.4.1/bin/../lib/gcc/arm-none-eabi/5.4.1/armv7-m/crtn.o
START GROUP
LOAD c:/program files (x86)/cypress/psoc creator/4.4/psoc creator/import/gnu/arm/5.4.1/bin/../lib/gcc/arm-none-eabi/5.4.1/armv7-m\libgcc.a
LOAD c:/program files (x86)/cypress/psoc creator/4.4/psoc creator/import/gnu/arm/5.4.1/bin/../lib/gcc/arm-none-eabi/5.4.1/../../../../arm-none-eabi/lib/armv7-m\libc.a
LOAD c:/program files (x86)/cypress/psoc creator/4.4/psoc creator/import/gnu/arm/5.4.1/bin/../lib/gcc/arm-none-eabi/5.4.1/../../../../arm-none-eabi/lib/armv7-m\libnosys.a
END GROUP
                0x00000000                CY_APPL_ORIGIN = 0x0
                0x00000100                CY_FLASH_ROW_SIZE = 0x100
                0x00000020                CY_ECC_ROW_SIZE = 0x20
                0x00000000                CY_EE_IN_BTLDR = 0x0
                0x00000000                CY_APPL_LOADABLE = 0x0
                0x00000800                CY_EE_SIZE = 0x800
                0x00000001                CY_APPL_NUM = 0x1
                0x00000001                CY_APPL_MAX = 0x1
                0x00000040                CY_METADATA_SIZE = 0x40
                0x00000000                CY_APPL_LOADABLE = 0x0
                0x00000000                CY_CHECKSUM_EXCLUDE_SIZE = ALIGN (0x0, CY_FLASH_ROW_SIZE)
                [!provide]                PROVIDE (__cy_heap_start, _end)
                0x00000001                PROVIDE (__cy_region_num, ((__cy_regions_end - __cy_regions) / 0x10))
                0x20008000                PROVIDE (__cy_stack, (ORIGIN (ram) + LENGTH (ram)))
                [!provide]                PROVIDE (__cy_heap_end, (__cy_stack - 0x800))

.cybootloader   0x00000000        0x0
 *(.cybootloader)
                0x00000000                appl1_start = CY_APPL_ORIGIN?CY_APPL_ORIGIN:ALIGN (CY_FLASH_ROW_SIZE)
                0x0001ff00                appl2_start = (appl1_start + ALIGN ((((LENGTH (rom) - appl1_start) - (0x2 * CY_FLASH_ROW_SIZE)) / 0x2), CY_FLASH_ROW_SIZE))
                0x00000000                appl_start = (CY_APPL_NUM == 0x1)?appl1_start:appl2_start
                0x00000000                ecc_offset = ((appl_start / CY_FLASH_ROW_SIZE) * CY_ECC_ROW_SIZE)
                0x00000000                ee_offset = (CY_APPL_LOADABLE && ! (CY_EE_IN_BTLDR))?((CY_EE_SIZE / CY_APPL_MAX) * (CY_APPL_NUM - 0x1)):0x0
                0x00000800                ee_size = (CY_APPL_LOADABLE && ! (CY_EE_IN_BTLDR))?(CY_EE_SIZE / CY_APPL_MAX):CY_EE_SIZE
                [!provide]                PROVIDE (CY_ECC_OFFSET, ecc_offset)

.text           0x00000000     0x210a
 CREATE_OBJECT_SYMBOLS
                0x00000000                PROVIDE (__cy_interrupt_vector, RomVectors)
 *(.romvectors)
 .romvectors    0x00000000       0x10 .\CortexM3\ARM_GCC_541\Debug\Cm3Start.o
                0x00000000                RomVectors
                0x00000001                ASSERT ((. != __cy_interrupt_vector), No interrupt vector)
                0x00000001                ASSERT (CY_APPL_ORIGIN?(SIZEOF (.cybootloader) <= CY_APPL_ORIGIN):0x1, Wrong image location)
                0x00000010                PROVIDE (__cy_reset, Reset)
 *(.text.Reset)
 .text.Reset    0x00000010       0x18 .\CortexM3\ARM_GCC_541\Debug\Cm3Start.o
                0x00000010                Reset
                0x00000001                ASSERT ((. != __cy_reset), No reset code)
 *(.dma_init)
                0x00000001                ASSERT ((((appl_start + .) <= 0x10000) || 0x1), DMA Init must be within the first 64k of flash)
 *(.text .text.* .gnu.linkonce.t.*)
 .text          0x00000028       0x5c c:/program files (x86)/cypress/psoc creator/4.4/psoc creator/import/gnu/arm/5.4.1/bin/../lib/gcc/arm-none-eabi/5.4.1/armv7-m/crtbegin.o
 .text.decodeMorse
                0x00000084      0x300 .\CortexM3\ARM_GCC_541\Debug\main.o
                0x00000084                decodeMorse
 .text.handleMorseInput
                0x00000384       0xe4 .\CortexM3\ARM_GCC_541\Debug\main.o
                0x00000384                handleMorseInput
 .text.main     0x00000468       0x3c .\CortexM3\ARM_GCC_541\Debug\main.o
                0x00000468                main
 .text.CyClockStartupError
                0x000004a4        0x4 .\CortexM3\ARM_GCC_541\Debug\cyfitter_cfg.o
 .text.cfg_write_bytes32
                0x000004a8       0x34 .\CortexM3\ARM_GCC_541\Debug\cyfitter_cfg.o
 .text.AnalogSetDefault
                0x000004dc       0x28 .\CortexM3\ARM_GCC_541\Debug\cyfitter_cfg.o
 .text.CYMEMZERO
                0x00000504        0xc .\CortexM3\ARM_GCC_541\Debug\cyfitter_cfg.o
 .text.ClockSetup
                0x00000510       0xa0 .\CortexM3\ARM_GCC_541\Debug\cyfitter_cfg.o
 .text.CYCONFIGCPY
                0x000005b0        0x8 .\CortexM3\ARM_GCC_541\Debug\cyfitter_cfg.o
 .text.cyfitter_cfg
                0x000005b8       0xe0 .\CortexM3\ARM_GCC_541\Debug\cyfitter_cfg.o
                0x000005b8                cyfitter_cfg
 .text.IntDefaultHandler
                0x00000698       0x10 .\CortexM3\ARM_GCC_541\Debug\Cm3Start.o
                0x00000698                IntDefaultHandler
 .text.Start_c  0x000006a8       0x4c .\CortexM3\ARM_GCC_541\Debug\Cm3Start.o
                0x000006a8                Start_c
 .text.initialize_psoc
                0x000006f4       0x68 .\CortexM3\ARM_GCC_541\Debug\Cm3Start.o
                0x000006f4                initialize_psoc
 .text.CyHalt   0x0000075c        0x4 .\CortexM3\ARM_GCC_541\Debug\project1.a(CyLib.o)
                0x0000075c                CyHalt
 .text.CyDelay  0x00000760       0x2c .\CortexM3\ARM_GCC_541\Debug\project1.a(CyLib.o)
                0x00000760                CyDelay
 .text.CyDelayUs
                0x0000078c       0x14 .\CortexM3\ARM_GCC_541\Debug\project1.a(CyLib.o)
                0x0000078c                CyDelayUs
 .text.CyIntSetVector
                0x000007a0       0x28 .\CortexM3\ARM_GCC_541\Debug\project1.a(CyLib.o)
                0x000007a0                CyIntSetVector
 .text.CyIntSetPriority
                0x000007c8       0x30 .\CortexM3\ARM_GCC_541\Debug\project1.a(CyLib.o)
                0x000007c8                CyIntSetPriority
 .text.CyGetUniqueId
                0x000007f8       0x70 .\CortexM3\ARM_GCC_541\Debug\project1.a(CyLib.o)
                0x000007f8                CyGetUniqueId
 .text.LCD_WrCntrlNib
                0x00000868       0x34 .\CortexM3\ARM_GCC_541\Debug\project1.a(LCD.o)
 .text.LCD_WrDatNib
                0x0000089c       0x44 .\CortexM3\ARM_GCC_541\Debug\project1.a(LCD.o)
 .text.LCD_IsReady
                0x000008e0       0xe4 .\CortexM3\ARM_GCC_541\Debug\project1.a(LCD.o)
                0x000008e0                LCD_IsReady
 .text.LCD_WriteData
                0x000009c4       0x18 .\CortexM3\ARM_GCC_541\Debug\project1.a(LCD.o)
                0x000009c4                LCD_WriteData
 .text.LCD_PutChar
                0x000009dc        0x8 .\CortexM3\ARM_GCC_541\Debug\project1.a(LCD.o)
                0x000009dc                LCD_PutChar
 .text.LCD_WriteControl
                0x000009e4       0x18 .\CortexM3\ARM_GCC_541\Debug\project1.a(LCD.o)
                0x000009e4                LCD_WriteControl
 .text.LCD_Init
                0x000009fc       0x6c .\CortexM3\ARM_GCC_541\Debug\project1.a(LCD.o)
                0x000009fc                LCD_Init
 .text.LCD_Enable
                0x00000a68       0x14 .\CortexM3\ARM_GCC_541\Debug\project1.a(LCD.o)
                0x00000a68                LCD_Enable
 .text.LCD_Start
                0x00000a7c       0x1c .\CortexM3\ARM_GCC_541\Debug\project1.a(LCD.o)
                0x00000a7c                LCD_Start
 .text.LCD_Position
                0x00000a98       0x3c .\CortexM3\ARM_GCC_541\Debug\project1.a(LCD.o)
                0x00000a98                LCD_Position
 .text.LED_Write
                0x00000ad4       0x18 .\CortexM3\ARM_GCC_541\Debug\project1.a(LED.o)
                0x00000ad4                LED_Write
 .text.USBUART_Init
                0x00000aec      0x140 .\CortexM3\ARM_GCC_541\Debug\project1.a(USBUART.o)
                0x00000aec                USBUART_Init
 .text.USBUART_InitComponent
                0x00000c2c       0xb8 .\CortexM3\ARM_GCC_541\Debug\project1.a(USBUART.o)
                0x00000c2c                USBUART_InitComponent
 .text.USBUART_Start
                0x00000ce4       0x24 .\CortexM3\ARM_GCC_541\Debug\project1.a(USBUART.o)
                0x00000ce4                USBUART_Start
 .text.USBUART_ReInitComponent
                0x00000d08       0x4c .\CortexM3\ARM_GCC_541\Debug\project1.a(USBUART.o)
                0x00000d08                USBUART_ReInitComponent
 .text.USBUART_GetConfiguration
                0x00000d54        0xc .\CortexM3\ARM_GCC_541\Debug\project1.a(USBUART.o)
                0x00000d54                USBUART_GetConfiguration
 .text.USBUART_IsConfigurationChanged
                0x00000d60       0x20 .\CortexM3\ARM_GCC_541\Debug\project1.a(USBUART.o)
                0x00000d60                USBUART_IsConfigurationChanged
 .text.USBUART_GetEPState
                0x00000d80       0x14 .\CortexM3\ARM_GCC_541\Debug\project1.a(USBUART.o)
                0x00000d80                USBUART_GetEPState
 .text.USBUART_GetEPCount
                0x00000d94       0x28 .\CortexM3\ARM_GCC_541\Debug\project1.a(USBUART.o)
                0x00000d94                USBUART_GetEPCount
 .text.USBUART_LoadInEP
                0x00000dbc       0x94 .\CortexM3\ARM_GCC_541\Debug\project1.a(USBUART.o)
                0x00000dbc                USBUART_LoadInEP
 .text.USBUART_EnableOutEP
                0x00000e50       0x2c .\CortexM3\ARM_GCC_541\Debug\project1.a(USBUART.o)
                0x00000e50                USBUART_EnableOutEP
 .text.USBUART_ReadOutEP
                0x00000e7c       0x50 .\CortexM3\ARM_GCC_541\Debug\project1.a(USBUART.o)
                0x00000e7c                USBUART_ReadOutEP
 .text.USBUART_StrLen
                0x00000ecc       0x14 .\CortexM3\ARM_GCC_541\Debug\project1.a(USBUART_cdc.o)
 .text.USBUART_GetInterfaceComPort
                0x00000ee0       0x38 .\CortexM3\ARM_GCC_541\Debug\project1.a(USBUART_cdc.o)
                0x00000ee0                USBUART_GetInterfaceComPort
 .text.USBUART_DispatchCDCClassRqst
                0x00000f18       0x98 .\CortexM3\ARM_GCC_541\Debug\project1.a(USBUART_cdc.o)
                0x00000f18                USBUART_DispatchCDCClassRqst
 .text.USBUART_CDC_Init
                0x00000fb0       0x98 .\CortexM3\ARM_GCC_541\Debug\project1.a(USBUART_cdc.o)
                0x00000fb0                USBUART_CDC_Init
 .text.USBUART_PutString
                0x00001048       0xa0 .\CortexM3\ARM_GCC_541\Debug\project1.a(USBUART_cdc.o)
                0x00001048                USBUART_PutString
 .text.USBUART_DataIsReady
                0x000010e8       0x18 .\CortexM3\ARM_GCC_541\Debug\project1.a(USBUART_cdc.o)
                0x000010e8                USBUART_DataIsReady
 .text.USBUART_GetChar
                0x00001100       0x28 .\CortexM3\ARM_GCC_541\Debug\project1.a(USBUART_cdc.o)
                0x00001100                USBUART_GetChar
 .text.USBUART_Cdc_EpInit
                0x00001128       0x50 .\CortexM3\ARM_GCC_541\Debug\project1.a(USBUART_cdc.o)
                0x00001128                USBUART_Cdc_EpInit
 .text.USBUART_LoadEP0
                0x00001178       0x98 .\CortexM3\ARM_GCC_541\Debug\project1.a(USBUART_drv.o)
                0x00001178                USBUART_LoadEP0
 .text.USBUART_InitZeroLengthControlTransfer
                0x00001210       0x34 .\CortexM3\ARM_GCC_541\Debug\project1.a(USBUART_drv.o)
                0x00001210                USBUART_InitZeroLengthControlTransfer
 .text.USBUART_ControlReadDataStage
                0x00001244        0x8 .\CortexM3\ARM_GCC_541\Debug\project1.a(USBUART_drv.o)
                0x00001244                USBUART_ControlReadDataStage
 .text.USBUART_ControlWriteDataStage
                0x0000124c       0x84 .\CortexM3\ARM_GCC_541\Debug\project1.a(USBUART_drv.o)
                0x0000124c                USBUART_ControlWriteDataStage
 .text.USBUART_InitNoDataControlTransfer
                0x000012d0       0x2c .\CortexM3\ARM_GCC_541\Debug\project1.a(USBUART_drv.o)
                0x000012d0                USBUART_InitNoDataControlTransfer
 .text.USBUART_UpdateStatusBlock
                0x000012fc       0x24 .\CortexM3\ARM_GCC_541\Debug\project1.a(USBUART_drv.o)
                0x000012fc                USBUART_UpdateStatusBlock
 .text.USBUART_HandleSetup
                0x00001320       0x5c .\CortexM3\ARM_GCC_541\Debug\project1.a(USBUART_drv.o)
                0x00001320                USBUART_HandleSetup
 .text.USBUART_ControlReadStatusStage
                0x0000137c       0x38 .\CortexM3\ARM_GCC_541\Debug\project1.a(USBUART_drv.o)
                0x0000137c                USBUART_ControlReadStatusStage
 .text.USBUART_HandleOUT
                0x000013b4       0x38 .\CortexM3\ARM_GCC_541\Debug\project1.a(USBUART_drv.o)
                0x000013b4                USBUART_HandleOUT
 .text.USBUART_ControlWriteStatusStage
                0x000013ec       0x20 .\CortexM3\ARM_GCC_541\Debug\project1.a(USBUART_drv.o)
                0x000013ec                USBUART_ControlWriteStatusStage
 .text.USBUART_NoDataControlStatusStage
                0x0000140c       0x40 .\CortexM3\ARM_GCC_541\Debug\project1.a(USBUART_drv.o)
                0x0000140c                USBUART_NoDataControlStatusStage
 .text.USBUART_HandleIN
                0x0000144c       0x2c .\CortexM3\ARM_GCC_541\Debug\project1.a(USBUART_drv.o)
                0x0000144c                USBUART_HandleIN
 .text.USBUART_EP_0_ISR
                0x00001478       0xb8 .\CortexM3\ARM_GCC_541\Debug\project1.a(USBUART_drv.o)
                0x00001478                USBUART_EP_0_ISR
 .text.USBUART_InitializeStatusBlock
                0x00001530       0x24 .\CortexM3\ARM_GCC_541\Debug\project1.a(USBUART_drv.o)
                0x00001530                USBUART_InitializeStatusBlock
 .text.USBUART_InitControlRead
                0x00001554       0x50 .\CortexM3\ARM_GCC_541\Debug\project1.a(USBUART_drv.o)
                0x00001554                USBUART_InitControlRead
 .text.USBUART_InitControlWrite
                0x000015a4       0x48 .\CortexM3\ARM_GCC_541\Debug\project1.a(USBUART_drv.o)
                0x000015a4                USBUART_InitControlWrite
 .text.USBUART_EP_1_ISR
                0x000015ec       0x30 .\CortexM3\ARM_GCC_541\Debug\project1.a(USBUART_episr.o)
                0x000015ec                USBUART_EP_1_ISR
 .text.USBUART_EP_2_ISR
                0x0000161c       0x34 .\CortexM3\ARM_GCC_541\Debug\project1.a(USBUART_episr.o)
                0x0000161c                USBUART_EP_2_ISR
 .text.USBUART_EP_3_ISR
                0x00001650       0x3c .\CortexM3\ARM_GCC_541\Debug\project1.a(USBUART_episr.o)
                0x00001650                USBUART_EP_3_ISR
 .text.USBUART_SOF_ISR
                0x0000168c        0x4 .\CortexM3\ARM_GCC_541\Debug\project1.a(USBUART_episr.o)
                0x0000168c                USBUART_SOF_ISR
 .text.USBUART_BUS_RESET_ISR
                0x00001690        0x8 .\CortexM3\ARM_GCC_541\Debug\project1.a(USBUART_episr.o)
                0x00001690                USBUART_BUS_RESET_ISR
 .text.USBUART_DP_ISR
                0x00001698        0x8 .\CortexM3\ARM_GCC_541\Debug\project1.a(USBUART_pm.o)
                0x00001698                USBUART_DP_ISR
 .text.USBUART_ReadDieID
                0x000016a0       0x6c .\CortexM3\ARM_GCC_541\Debug\project1.a(USBUART_std.o)
                0x000016a0                USBUART_ReadDieID
 .text.USBUART_ConfigReg
                0x0000170c       0xa4 .\CortexM3\ARM_GCC_541\Debug\project1.a(USBUART_std.o)
                0x0000170c                USBUART_ConfigReg
 .text.USBUART_GetConfigTablePtr
                0x000017b0       0x28 .\CortexM3\ARM_GCC_541\Debug\project1.a(USBUART_std.o)
                0x000017b0                USBUART_GetConfigTablePtr
 .text.USBUART_ConfigAltChanged
                0x000017d8      0x11c .\CortexM3\ARM_GCC_541\Debug\project1.a(USBUART_std.o)
                0x000017d8                USBUART_ConfigAltChanged
 .text.USBUART_GetDeviceTablePtr
                0x000018f4       0x18 .\CortexM3\ARM_GCC_541\Debug\project1.a(USBUART_std.o)
                0x000018f4                USBUART_GetDeviceTablePtr
 .text.USBUART_GetInterfaceClassTablePtr
                0x0000190c       0x28 .\CortexM3\ARM_GCC_541\Debug\project1.a(USBUART_std.o)
                0x0000190c                USBUART_GetInterfaceClassTablePtr
 .text.USBUART_Config
                0x00001934      0x1ec .\CortexM3\ARM_GCC_541\Debug\project1.a(USBUART_std.o)
                0x00001934                USBUART_Config
 .text.USBUART_SetEndpointHalt
                0x00001b20       0x64 .\CortexM3\ARM_GCC_541\Debug\project1.a(USBUART_std.o)
                0x00001b20                USBUART_SetEndpointHalt
 .text.USBUART_ClearEndpointHalt
                0x00001b84       0xac .\CortexM3\ARM_GCC_541\Debug\project1.a(USBUART_std.o)
                0x00001b84                USBUART_ClearEndpointHalt
 .text.USBUART_ValidateAlternateSetting
                0x00001c30       0x4c .\CortexM3\ARM_GCC_541\Debug\project1.a(USBUART_std.o)
                0x00001c30                USBUART_ValidateAlternateSetting
 .text.USBUART_HandleStandardRqst
                0x00001c7c      0x354 .\CortexM3\ARM_GCC_541\Debug\project1.a(USBUART_std.o)
                0x00001c7c                USBUART_HandleStandardRqst
 .text.USBUART_HandleVendorRqst
                0x00001fd0       0x18 .\CortexM3\ARM_GCC_541\Debug\project1.a(USBUART_vnd.o)
                0x00001fd0                USBUART_HandleVendorRqst
 .text.USBUART_Dp_ClearInterrupt
                0x00001fe8       0x10 .\CortexM3\ARM_GCC_541\Debug\project1.a(USBUART_Dp.o)
                0x00001fe8                USBUART_Dp_ClearInterrupt
 .text          0x00001ff8       0x20 .\CortexM3\ARM_GCC_541\Debug\project1.a(CyBootAsmGnu.o)
                0x00001ff8                CyDelayCycles
                0x00002008                CyEnterCriticalSection
                0x00002010                CyExitCriticalSection
 .text.USBUART_DispatchClassRqst
                0x00002018       0x60 .\CortexM3\ARM_GCC_541\Debug\project1.a(USBUART_cls.o)
                0x00002018                USBUART_DispatchClassRqst
 .text.__errno  0x00002078        0xc c:/program files (x86)/cypress/psoc creator/4.4/psoc creator/import/gnu/arm/5.4.1/bin/../lib/gcc/arm-none-eabi/5.4.1/../../../../arm-none-eabi/lib/armv7-m\libg_nano.a(lib_a-errno.o)
                0x00002078                __errno
 .text.__libc_init_array
                0x00002084       0x4c c:/program files (x86)/cypress/psoc creator/4.4/psoc creator/import/gnu/arm/5.4.1/bin/../lib/gcc/arm-none-eabi/5.4.1/../../../../arm-none-eabi/lib/armv7-m\libg_nano.a(lib_a-init.o)
                0x00002084                __libc_init_array
 .text.memcpy   0x000020d0       0x16 c:/program files (x86)/cypress/psoc creator/4.4/psoc creator/import/gnu/arm/5.4.1/bin/../lib/gcc/arm-none-eabi/5.4.1/../../../../arm-none-eabi/lib/armv7-m\libg_nano.a(lib_a-memcpy-stub.o)
                0x000020d0                memcpy
 .text.memset   0x000020e6       0x10 c:/program files (x86)/cypress/psoc creator/4.4/psoc creator/import/gnu/arm/5.4.1/bin/../lib/gcc/arm-none-eabi/5.4.1/../../../../arm-none-eabi/lib/armv7-m\libg_nano.a(lib_a-memset.o)
                0x000020e6                memset
 .text          0x000020f6       0x14 c:/program files (x86)/cypress/psoc creator/4.4/psoc creator/import/gnu/arm/5.4.1/bin/../lib/gcc/arm-none-eabi/5.4.1/../../../../arm-none-eabi/lib/armv7-m\libg_nano.a(lib_a-strcmp.o)
                0x000020f6                strcmp
 *(.plt)
 *(.gnu.warning)
 *(.glue_7t)
 .glue_7t       0x0000210a        0x0 linker stubs
 *(.glue_7)
 .glue_7        0x0000210a        0x0 linker stubs
 *(.vfp11_veneer)
 .vfp11_veneer  0x0000210a        0x0 linker stubs
 *(.bootloader)
 *(.ARM.extab* .gnu.linkonce.armextab.*)
 *(.gcc_except_table)

.v4_bx          0x0000210c        0x0
 .v4_bx         0x0000210c        0x0 linker stubs

.iplt           0x0000210c        0x0
 .iplt          0x0000210c        0x0 c:/program files (x86)/cypress/psoc creator/4.4/psoc creator/import/gnu/arm/5.4.1/bin/../lib/gcc/arm-none-eabi/5.4.1/armv7-m/crtbegin.o

.eh_frame_hdr
 *(.eh_frame_hdr)

.eh_frame       0x0000210c        0x4
 *(.eh_frame)
 .eh_frame      0x0000210c        0x0 c:/program files (x86)/cypress/psoc creator/4.4/psoc creator/import/gnu/arm/5.4.1/bin/../lib/gcc/arm-none-eabi/5.4.1/armv7-m/crtbegin.o
 .eh_frame      0x0000210c        0x4 c:/program files (x86)/cypress/psoc creator/4.4/psoc creator/import/gnu/arm/5.4.1/bin/../lib/gcc/arm-none-eabi/5.4.1/armv7-m/crtend.o
                [!provide]                PROVIDE (__exidx_start, .)

.ARM.exidx
 *(.ARM.exidx* .gnu.linkonce.armexidx.*)
                0x00002110                __exidx_end = .

.rodata         0x00002110      0x2d0
 *(.rodata .rodata.* .gnu.linkonce.r.*)
 .rodata.str1.4
                0x00002110       0xf7 .\CortexM3\ARM_GCC_541\Debug\main.o
                                 0xff (size before relaxing)
 *fill*         0x00002207        0x1 
 .rodata        0x00002208       0x30 .\CortexM3\ARM_GCC_541\Debug\cyfitter_cfg.o
 .rodata.str1.4
                0x00002238       0x14 .\CortexM3\ARM_GCC_541\Debug\project1.a(USBUART_std.o)
                                 0x11 (size before relaxing)
 .rodata        0x0000224c      0x15e .\CortexM3\ARM_GCC_541\Debug\project1.a(USBUART_descr.o)
                0x0000224c                USBUART_TABLE
                0x00002254                USBUART_DEVICE0_TABLE
                0x0000226c                USBUART_DEVICE0_CONFIGURATION0_TABLE
                0x00002294                USBUART_DEVICE0_CONFIGURATION0_INTERFACE_CLASS
                0x00002298                USBUART_DEVICE0_CONFIGURATION0_EP_SETTINGS_TABLE
                0x000022b0                USBUART_SN_STRING_DESCRIPTOR
                0x000022b4                USBUART_STRING_DESCRIPTORS
                0x00002354                USBUART_DEVICE0_CONFIGURATION0_DESCR
                0x00002398                USBUART_DEVICE0_DESCR
 .rodata.str1.1
                0x000023aa        0x2 c:/program files (x86)/cypress/psoc creator/4.4/psoc creator/import/gnu/arm/5.4.1/bin/../lib/gcc/arm-none-eabi/5.4.1/../../../../arm-none-eabi/lib/armv7-m\libg_nano.a(lib_a-impure.o)
                0x000023ac                . = ALIGN (0x4)
 *(.init)
 .init          0x000023ac        0x4 c:/program files (x86)/cypress/psoc creator/4.4/psoc creator/import/gnu/arm/5.4.1/bin/../lib/gcc/arm-none-eabi/5.4.1/armv7-m/crti.o
                0x000023ac                _init
 .init          0x000023b0        0x8 c:/program files (x86)/cypress/psoc creator/4.4/psoc creator/import/gnu/arm/5.4.1/bin/../lib/gcc/arm-none-eabi/5.4.1/armv7-m/crtn.o
                0x000023b8                . = ALIGN (0x4)
                0x000023b8                __preinit_array_start = .
 *(.preinit_array)
                0x000023b8                __preinit_array_end = .
                0x000023b8                . = ALIGN (0x4)
                0x000023b8                __init_array_start = .
 *(SORT(.init_array.*))
 *(.init_array)
 .init_array    0x000023b8        0x4 c:/program files (x86)/cypress/psoc creator/4.4/psoc creator/import/gnu/arm/5.4.1/bin/../lib/gcc/arm-none-eabi/5.4.1/armv7-m/crtbegin.o
 .init_array    0x000023bc        0x4 .\CortexM3\ARM_GCC_541\Debug\Cm3Start.o
                0x000023c0                __init_array_end = .
                0x000023c0                . = ALIGN (0x4)
 *(.fini)
 .fini          0x000023c0        0x4 c:/program files (x86)/cypress/psoc creator/4.4/psoc creator/import/gnu/arm/5.4.1/bin/../lib/gcc/arm-none-eabi/5.4.1/armv7-m/crti.o
                0x000023c0                _fini
 .fini          0x000023c4        0x8 c:/program files (x86)/cypress/psoc creator/4.4/psoc creator/import/gnu/arm/5.4.1/bin/../lib/gcc/arm-none-eabi/5.4.1/armv7-m/crtn.o
                0x000023cc                . = ALIGN (0x4)
                0x000023cc                __fini_array_start = .
 *(.fini_array)
 .fini_array    0x000023cc        0x4 c:/program files (x86)/cypress/psoc creator/4.4/psoc creator/import/gnu/arm/5.4.1/bin/../lib/gcc/arm-none-eabi/5.4.1/armv7-m/crtbegin.o
 *(SORT(.fini_array.*))
                0x000023d0                __fini_array_end = .
                0x000023d0                . = ALIGN (0x4)
 *crtbegin.o(.ctors)
 *(EXCLUDE_FILE(*crtend.o) .ctors)
 *(SORT(.ctors.*))
 *crtend.o(.ctors)
                0x000023d0                . = ALIGN (0x4)
 *crtbegin.o(.dtors)
 *(EXCLUDE_FILE(*crtend.o) .dtors)
 *(SORT(.dtors.*))
 *crtend.o(.dtors)
                0x000023d0                . = ALIGN (0x4)
                0x000023d0                __cy_regions = .
                0x000023d0        0x4 LONG 0x23e0 __cy_region_init_ram
                0x000023d4        0x4 LONG 0x1fff80c8 __cy_region_start_data
                0x000023d8        0x4 LONG 0x98 __cy_region_init_size_ram
                0x000023dc        0x4 LONG 0x168 __cy_region_zero_size_ram
                0x000023e0                __cy_regions_end = .
                0x000023e0                . = ALIGN (0x8)
                0x000023e0                _etext = .

.cy_checksum_exclude
                0x000023e0        0x0
 *(.cy_checksum_exclude)

.ramvectors     0x1fff8000       0xc0
                0x1fff8000                __cy_region_start_ram = .
 *(.ramvectors)
 .ramvectors    0x1fff8000       0xc0 .\CortexM3\ARM_GCC_541\Debug\Cm3Start.o
                0x1fff8000                CyRamVectors

.noinit         0x1fff80c0        0x1
 *(.noinit)
 .noinit        0x1fff80c0        0x1 .\CortexM3\ARM_GCC_541\Debug\project1.a(CyLib.o)
                0x1fff80c0                CyResetStatus

.data           0x1fff80c8       0x98 load address 0x000023e0
                0x1fff80c8                __cy_region_start_data = .
 *(.jcr)
 .jcr           0x1fff80c8        0x0 c:/program files (x86)/cypress/psoc creator/4.4/psoc creator/import/gnu/arm/5.4.1/bin/../lib/gcc/arm-none-eabi/5.4.1/armv7-m/crtbegin.o
 .jcr           0x1fff80c8        0x4 c:/program files (x86)/cypress/psoc creator/4.4/psoc creator/import/gnu/arm/5.4.1/bin/../lib/gcc/arm-none-eabi/5.4.1/armv7-m/crtend.o
 *(.got.plt)
 *(.got)
 *(.shdata)
 *(.data .data.* .gnu.linkonce.d.*)
 .data          0x1fff80cc       0x10 .\CortexM3\ARM_GCC_541\Debug\project1.a(CyLib.o)
                0x1fff80cc                cydelay_32k_ms
                0x1fff80d0                cydelay_freq_khz
                0x1fff80d4                cydelay_freq_mhz
                0x1fff80d8                cydelay_freq_hz
 .data          0x1fff80dc       0x1a .\CortexM3\ARM_GCC_541\Debug\project1.a(USBUART_cdc.o)
                0x1fff80dc                USBUART_linesCoding
 *fill*         0x1fff80f6        0x2 
 .data.impure_data
                0x1fff80f8       0x60 c:/program files (x86)/cypress/psoc creator/4.4/psoc creator/import/gnu/arm/5.4.1/bin/../lib/gcc/arm-none-eabi/5.4.1/../../../../arm-none-eabi/lib/armv7-m\libg_nano.a(lib_a-impure.o)
 .data._impure_ptr
                0x1fff8158        0x4 c:/program files (x86)/cypress/psoc creator/4.4/psoc creator/import/gnu/arm/5.4.1/bin/../lib/gcc/arm-none-eabi/5.4.1/../../../../arm-none-eabi/lib/armv7-m\libg_nano.a(lib_a-impure.o)
                0x1fff8158                _impure_ptr
                0x1fff8160                . = ALIGN (0x8)
 *fill*         0x1fff815c        0x4 
 *(.ram)
                0x1fff8160                _edata = .

.igot.plt       0x1fff8160        0x0 load address 0x00002478
 .igot.plt      0x1fff8160        0x0 c:/program files (x86)/cypress/psoc creator/4.4/psoc creator/import/gnu/arm/5.4.1/bin/../lib/gcc/arm-none-eabi/5.4.1/armv7-m/crtbegin.o

.bss            0x1fff8160      0x168 load address 0x00002478
                0x1fff8160                PROVIDE (__bss_start__, .)
 *(.shbss)
 *(.bss .bss.* .gnu.linkonce.b.*)
 .bss           0x1fff8160       0x1c c:/program files (x86)/cypress/psoc creator/4.4/psoc creator/import/gnu/arm/5.4.1/bin/../lib/gcc/arm-none-eabi/5.4.1/armv7-m/crtbegin.o
 .bss           0x1fff817c        0x2 .\CortexM3\ARM_GCC_541\Debug\main.o
                0x1fff817c                bufferIndex
                0x1fff817d                charIndex
 .bss           0x1fff817e        0x2 .\CortexM3\ARM_GCC_541\Debug\project1.a(LCD.o)
                0x1fff817e                LCD_enableState
                0x1fff817f                LCD_initVar
 .bss           0x1fff8180        0x1 .\CortexM3\ARM_GCC_541\Debug\project1.a(USBUART.o)
                0x1fff8180                USBUART_initVar
 .bss           0x1fff8181        0x1 .\CortexM3\ARM_GCC_541\Debug\project1.a(USBUART_cdc.o)
 *fill*         0x1fff8182        0x2 
 .bss           0x1fff8184        0x2 .\CortexM3\ARM_GCC_541\Debug\project1.a(USBUART_std.o)
 *(COMMON)
 *fill*         0x1fff8186        0x2 
 COMMON         0x1fff8188       0x64 .\CortexM3\ARM_GCC_541\Debug\main.o
                0x1fff8188                morseBuffer
 COMMON         0x1fff81ec       0x18 .\CortexM3\ARM_GCC_541\Debug\project1.a(USBUART_cdc.o)
                0x1fff81ec                USBUART_linesChanged
                0x1fff81f0                USBUART_cdcDataInEp
                0x1fff81f4                USBUART_cdcCommInInterruptEp
                0x1fff81f8                USBUART_cdcDataOutEp
                0x1fff81fc                USBUART_serialStateBitmap
                0x1fff8200                USBUART_linesControlBitmap
 COMMON         0x1fff8204       0x9a .\CortexM3\ARM_GCC_541\Debug\project1.a(USBUART_drv.o)
                0x1fff8204                USBUART_lastPacketSize
                0x1fff8205                USBUART_device
                0x1fff8206                USBUART_transferByteCount
                0x1fff8208                USBUART_transferState
                0x1fff820c                USBUART_interfaceSettingLast
                0x1fff8210                USBUART_currentTD
                0x1fff821c                USBUART_interfaceNumber
                0x1fff8220                USBUART_interfaceClass
                0x1fff8224                USBUART_configurationChanged
                0x1fff8225                USBUART_ep0Mode
                0x1fff8226                USBUART_deviceAddress
                0x1fff8227                USBUART_configuration
                0x1fff8228                USBUART_ep0Count
                0x1fff8229                USBUART_deviceStatus
                0x1fff822c                USBUART_EP
                0x1fff8298                USBUART_interfaceSetting
                0x1fff829a                USBUART_ep0Toggle
                0x1fff829c                USBUART_interfaceStatus
 *fill*         0x1fff829e        0x2 
 COMMON         0x1fff82a0       0x22 .\CortexM3\ARM_GCC_541\Debug\project1.a(USBUART_descr.o)
                0x1fff82a0                USBUART_idSerialNumberStringDescriptor
                0x1fff82c8                . = ALIGN (0x8)
 *fill*         0x1fff82c2        0x6 
 *(.ram.b)
                0x1fff82c8                _end = .
                0x1fff82c8                __end = .
                0x1fff82c8                PROVIDE (end, .)
                0x1fff82c8                PROVIDE (__bss_end__, .)
                0x000023e0                __cy_region_init_ram = LOADADDR (.data)
                0x00000098                __cy_region_init_size_ram = (_edata - ADDR (.data))
                0x00000168                __cy_region_zero_size_ram = (_end - _edata)

.heap           0x1fff82c8       0x80 load address 0x00002478
                0x1fff82c8                . = _end
                0x1fff8348                . = (. + 0x80)
 *fill*         0x1fff82c8       0x80 
                0x1fff8348                __cy_heap_limit = .

.stack          0x20007800      0x800
                0x20007800                __cy_stack_limit = .
                0x20008000                . = (. + 0x800)
 *fill*         0x20007800      0x800 
                0x00000001                ASSERT ((__cy_stack_limit >= __cy_heap_limit), region RAM overflowed with stack)
                0x00000000                cy_checksum_exclude_size = (CY_APPL_LOADABLE == 0x1)?SIZEOF (.cy_checksum_exclude):0x0
                0x00000001                ASSERT ((cy_checksum_exclude_size <= CY_CHECKSUM_EXCLUDE_SIZE), CY_BOOT: Section .cy_checksum_exclude size exceedes specified limit.)

.cyloadermeta
 *(.cyloadermeta)

.cyloadablemeta
 *(.cyloadablemeta)

.cyconfigecc    0x80000000       0x90
 *(.cyconfigecc)
 .cyconfigecc   0x80000000       0x90 .\CortexM3\ARM_GCC_541\Debug\cymetadata.o
                0x80000000                cy_meta_configecc

.cycustnvl      0x90000000        0x4
 *(.cycustnvl)
 .cycustnvl     0x90000000        0x4 .\CortexM3\ARM_GCC_541\Debug\cymetadata.o
                0x90000000                cy_meta_custnvl

.cywolatch      0x90100000        0x4
 *(.cywolatch)
 .cywolatch     0x90100000        0x4 .\CortexM3\ARM_GCC_541\Debug\cymetadata.o
                0x90100000                cy_meta_wonvl

.cyeeprom       0x90200000        0x0
 *(.cyeeprom)
                0x00000001                ASSERT ((. <= ((0x90200000 + ee_offset) + ee_size)), .cyeeprom data will not fit in EEPROM)

.cyflashprotect
                0x90400000      0x100
 *(.cyflashprotect)
 .cyflashprotect
                0x90400000      0x100 .\CortexM3\ARM_GCC_541\Debug\cymetadata.o
                0x90400000                cy_meta_flashprotect

.cymeta         0x90500000        0xc
 *(.cymeta)
 .cymeta        0x90500000        0xc .\CortexM3\ARM_GCC_541\Debug\cymetadata.o
                0x90500000                cy_metadata

.rel.dyn        0x00002478        0x0 load address 0x9050000c
 .rel.iplt      0x00002478        0x0 c:/program files (x86)/cypress/psoc creator/4.4/psoc creator/import/gnu/arm/5.4.1/bin/../lib/gcc/arm-none-eabi/5.4.1/armv7-m/crtbegin.o

.stab
 *(.stab)

.stabstr
 *(.stabstr)

.debug
 *(.debug)

.line
 *(.line)

.debug_srcinfo
 *(.debug_srcinfo)

.debug_sfnames
 *(.debug_sfnames)

.debug_aranges  0x00000000      0xa00
 *(.debug_aranges)
 .debug_aranges
                0x00000000       0x30 .\CortexM3\ARM_GCC_541\Debug\main.o
 .debug_aranges
                0x00000030       0x58 .\CortexM3\ARM_GCC_541\Debug\cyfitter_cfg.o
 .debug_aranges
                0x00000088       0x18 .\CortexM3\ARM_GCC_541\Debug\cymetadata.o
 .debug_aranges
                0x000000a0       0x48 .\CortexM3\ARM_GCC_541\Debug\Cm3Start.o
 .debug_aranges
                0x000000e8      0x2a0 .\CortexM3\ARM_GCC_541\Debug\project1.a(CyLib.o)
 .debug_aranges
                0x00000388       0x98 .\CortexM3\ARM_GCC_541\Debug\project1.a(cyPm.o)
 .debug_aranges
                0x00000420       0x98 .\CortexM3\ARM_GCC_541\Debug\project1.a(LCD.o)
 .debug_aranges
                0x000004b8       0x38 .\CortexM3\ARM_GCC_541\Debug\project1.a(LED.o)
 .debug_aranges
                0x000004f0       0xc8 .\CortexM3\ARM_GCC_541\Debug\project1.a(USBUART.o)
 .debug_aranges
                0x000005b8       0xe8 .\CortexM3\ARM_GCC_541\Debug\project1.a(USBUART_cdc.o)
 .debug_aranges
                0x000006a0       0x98 .\CortexM3\ARM_GCC_541\Debug\project1.a(USBUART_drv.o)
 .debug_aranges
                0x00000738       0x40 .\CortexM3\ARM_GCC_541\Debug\project1.a(USBUART_episr.o)
 .debug_aranges
                0x00000778       0x40 .\CortexM3\ARM_GCC_541\Debug\project1.a(USBUART_pm.o)
 .debug_aranges
                0x000007b8       0x80 .\CortexM3\ARM_GCC_541\Debug\project1.a(USBUART_std.o)
 .debug_aranges
                0x00000838       0x20 .\CortexM3\ARM_GCC_541\Debug\project1.a(USBUART_vnd.o)
 .debug_aranges
                0x00000858       0x48 .\CortexM3\ARM_GCC_541\Debug\project1.a(USBUART_Dp.o)
 .debug_aranges
                0x000008a0       0x20 .\CortexM3\ARM_GCC_541\Debug\project1.a(CyBootAsmGnu.o)
 .debug_aranges
                0x000008c0       0x88 .\CortexM3\ARM_GCC_541\Debug\project1.a(CyFlash.o)
 .debug_aranges
                0x00000948       0x80 .\CortexM3\ARM_GCC_541\Debug\project1.a(CySpc.o)
 .debug_aranges
                0x000009c8       0x20 .\CortexM3\ARM_GCC_541\Debug\project1.a(USBUART_cls.o)
 .debug_aranges
                0x000009e8       0x18 .\CortexM3\ARM_GCC_541\Debug\project1.a(USBUART_descr.o)

.debug_pubnames
 *(.debug_pubnames)

.debug_info     0x00000000     0x7655
 *(.debug_info .gnu.linkonce.wi.*)
 .debug_info    0x00000000      0x852 .\CortexM3\ARM_GCC_541\Debug\main.o
 .debug_info    0x00000852      0x4f1 .\CortexM3\ARM_GCC_541\Debug\cyfitter_cfg.o
 .debug_info    0x00000d43      0x134 .\CortexM3\ARM_GCC_541\Debug\cymetadata.o
 .debug_info    0x00000e77      0x3bb .\CortexM3\ARM_GCC_541\Debug\Cm3Start.o
 .debug_info    0x00001232     0x1374 .\CortexM3\ARM_GCC_541\Debug\project1.a(CyLib.o)
 .debug_info    0x000025a6      0xa2a .\CortexM3\ARM_GCC_541\Debug\project1.a(cyPm.o)
 .debug_info    0x00002fd0      0x715 .\CortexM3\ARM_GCC_541\Debug\project1.a(LCD.o)
 .debug_info    0x000036e5      0x11f .\CortexM3\ARM_GCC_541\Debug\project1.a(LED.o)
 .debug_info    0x00003804      0x995 .\CortexM3\ARM_GCC_541\Debug\project1.a(USBUART.o)
 .debug_info    0x00004199      0xaf7 .\CortexM3\ARM_GCC_541\Debug\project1.a(USBUART_cdc.o)
 .debug_info    0x00004c90      0x655 .\CortexM3\ARM_GCC_541\Debug\project1.a(USBUART_drv.o)
 .debug_info    0x000052e5      0x254 .\CortexM3\ARM_GCC_541\Debug\project1.a(USBUART_episr.o)
 .debug_info    0x00005539      0x2e4 .\CortexM3\ARM_GCC_541\Debug\project1.a(USBUART_pm.o)
 .debug_info    0x0000581d      0xb26 .\CortexM3\ARM_GCC_541\Debug\project1.a(USBUART_std.o)
 .debug_info    0x00006343       0xed .\CortexM3\ARM_GCC_541\Debug\project1.a(USBUART_vnd.o)
 .debug_info    0x00006430      0x174 .\CortexM3\ARM_GCC_541\Debug\project1.a(USBUART_Dp.o)
 .debug_info    0x000065a4       0x93 .\CortexM3\ARM_GCC_541\Debug\project1.a(CyBootAsmGnu.o)
 .debug_info    0x00006637      0x64d .\CortexM3\ARM_GCC_541\Debug\project1.a(CyFlash.o)
 .debug_info    0x00006c84      0x550 .\CortexM3\ARM_GCC_541\Debug\project1.a(CySpc.o)
 .debug_info    0x000071d4      0x1de .\CortexM3\ARM_GCC_541\Debug\project1.a(USBUART_cls.o)
 .debug_info    0x000073b2      0x2a3 .\CortexM3\ARM_GCC_541\Debug\project1.a(USBUART_descr.o)

.debug_abbrev   0x00000000     0x1ba1
 *(.debug_abbrev)
 .debug_abbrev  0x00000000      0x159 .\CortexM3\ARM_GCC_541\Debug\main.o
 .debug_abbrev  0x00000159      0x1fe .\CortexM3\ARM_GCC_541\Debug\cyfitter_cfg.o
 .debug_abbrev  0x00000357       0x5d .\CortexM3\ARM_GCC_541\Debug\cymetadata.o
 .debug_abbrev  0x000003b4      0x1e8 .\CortexM3\ARM_GCC_541\Debug\Cm3Start.o
 .debug_abbrev  0x0000059c      0x254 .\CortexM3\ARM_GCC_541\Debug\project1.a(CyLib.o)
 .debug_abbrev  0x000007f0      0x1ab .\CortexM3\ARM_GCC_541\Debug\project1.a(cyPm.o)
 .debug_abbrev  0x0000099b      0x157 .\CortexM3\ARM_GCC_541\Debug\project1.a(LCD.o)
 .debug_abbrev  0x00000af2       0x90 .\CortexM3\ARM_GCC_541\Debug\project1.a(LED.o)
 .debug_abbrev  0x00000b82      0x215 .\CortexM3\ARM_GCC_541\Debug\project1.a(USBUART.o)
 .debug_abbrev  0x00000d97      0x245 .\CortexM3\ARM_GCC_541\Debug\project1.a(USBUART_cdc.o)
 .debug_abbrev  0x00000fdc      0x189 .\CortexM3\ARM_GCC_541\Debug\project1.a(USBUART_drv.o)
 .debug_abbrev  0x00001165      0x11b .\CortexM3\ARM_GCC_541\Debug\project1.a(USBUART_episr.o)
 .debug_abbrev  0x00001280      0x108 .\CortexM3\ARM_GCC_541\Debug\project1.a(USBUART_pm.o)
 .debug_abbrev  0x00001388      0x20a .\CortexM3\ARM_GCC_541\Debug\project1.a(USBUART_std.o)
 .debug_abbrev  0x00001592       0x9b .\CortexM3\ARM_GCC_541\Debug\project1.a(USBUART_vnd.o)
 .debug_abbrev  0x0000162d       0x90 .\CortexM3\ARM_GCC_541\Debug\project1.a(USBUART_Dp.o)
 .debug_abbrev  0x000016bd       0x14 .\CortexM3\ARM_GCC_541\Debug\project1.a(CyBootAsmGnu.o)
 .debug_abbrev  0x000016d1      0x1a7 .\CortexM3\ARM_GCC_541\Debug\project1.a(CyFlash.o)
 .debug_abbrev  0x00001878      0x194 .\CortexM3\ARM_GCC_541\Debug\project1.a(CySpc.o)
 .debug_abbrev  0x00001a0c       0xe1 .\CortexM3\ARM_GCC_541\Debug\project1.a(USBUART_cls.o)
 .debug_abbrev  0x00001aed       0xb4 .\CortexM3\ARM_GCC_541\Debug\project1.a(USBUART_descr.o)

.debug_line     0x00000000     0x2aab
 *(.debug_line)
 .debug_line    0x00000000      0x2b2 .\CortexM3\ARM_GCC_541\Debug\main.o
 .debug_line    0x000002b2      0x1d2 .\CortexM3\ARM_GCC_541\Debug\cyfitter_cfg.o
 .debug_line    0x00000484      0x141 .\CortexM3\ARM_GCC_541\Debug\cymetadata.o
 .debug_line    0x000005c5      0x234 .\CortexM3\ARM_GCC_541\Debug\Cm3Start.o
 .debug_line    0x000007f9      0x816 .\CortexM3\ARM_GCC_541\Debug\project1.a(CyLib.o)
 .debug_line    0x0000100f      0x367 .\CortexM3\ARM_GCC_541\Debug\project1.a(cyPm.o)
 .debug_line    0x00001376      0x1dc .\CortexM3\ARM_GCC_541\Debug\project1.a(LCD.o)
 .debug_line    0x00001552       0x90 .\CortexM3\ARM_GCC_541\Debug\project1.a(LED.o)
 .debug_line    0x000015e2      0x2dc .\CortexM3\ARM_GCC_541\Debug\project1.a(USBUART.o)
 .debug_line    0x000018be      0x2f2 .\CortexM3\ARM_GCC_541\Debug\project1.a(USBUART_cdc.o)
 .debug_line    0x00001bb0      0x221 .\CortexM3\ARM_GCC_541\Debug\project1.a(USBUART_drv.o)
 .debug_line    0x00001dd1       0xe6 .\CortexM3\ARM_GCC_541\Debug\project1.a(USBUART_episr.o)
 .debug_line    0x00001eb7      0x10e .\CortexM3\ARM_GCC_541\Debug\project1.a(USBUART_pm.o)
 .debug_line    0x00001fc5      0x3e2 .\CortexM3\ARM_GCC_541\Debug\project1.a(USBUART_std.o)
 .debug_line    0x000023a7       0x73 .\CortexM3\ARM_GCC_541\Debug\project1.a(USBUART_vnd.o)
 .debug_line    0x0000241a       0xbb .\CortexM3\ARM_GCC_541\Debug\project1.a(USBUART_Dp.o)
 .debug_line    0x000024d5       0x66 .\CortexM3\ARM_GCC_541\Debug\project1.a(CyBootAsmGnu.o)
 .debug_line    0x0000253b      0x21a .\CortexM3\ARM_GCC_541\Debug\project1.a(CyFlash.o)
 .debug_line    0x00002755      0x260 .\CortexM3\ARM_GCC_541\Debug\project1.a(CySpc.o)
 .debug_line    0x000029b5       0x95 .\CortexM3\ARM_GCC_541\Debug\project1.a(USBUART_cls.o)
 .debug_line    0x00002a4a       0x61 .\CortexM3\ARM_GCC_541\Debug\project1.a(USBUART_descr.o)

.debug_frame    0x00000000     0x1a8c
 *(.debug_frame)
 .debug_frame   0x00000000       0x68 .\CortexM3\ARM_GCC_541\Debug\main.o
 .debug_frame   0x00000068       0xe4 .\CortexM3\ARM_GCC_541\Debug\cyfitter_cfg.o
 .debug_frame   0x0000014c       0xb8 .\CortexM3\ARM_GCC_541\Debug\Cm3Start.o
 .debug_frame   0x00000204      0x738 .\CortexM3\ARM_GCC_541\Debug\project1.a(CyLib.o)
 .debug_frame   0x0000093c      0x1f8 .\CortexM3\ARM_GCC_541\Debug\project1.a(cyPm.o)
 .debug_frame   0x00000b34      0x1e8 .\CortexM3\ARM_GCC_541\Debug\project1.a(LCD.o)
 .debug_frame   0x00000d1c       0x50 .\CortexM3\ARM_GCC_541\Debug\project1.a(LED.o)
 .debug_frame   0x00000d6c      0x1dc .\CortexM3\ARM_GCC_541\Debug\project1.a(USBUART.o)
 .debug_frame   0x00000f48      0x27c .\CortexM3\ARM_GCC_541\Debug\project1.a(USBUART_cdc.o)
 .debug_frame   0x000011c4      0x194 .\CortexM3\ARM_GCC_541\Debug\project1.a(USBUART_drv.o)
 .debug_frame   0x00001358       0x6c .\CortexM3\ARM_GCC_541\Debug\project1.a(USBUART_episr.o)
 .debug_frame   0x000013c4       0xa0 .\CortexM3\ARM_GCC_541\Debug\project1.a(USBUART_pm.o)
 .debug_frame   0x00001464      0x17c .\CortexM3\ARM_GCC_541\Debug\project1.a(USBUART_std.o)
 .debug_frame   0x000015e0       0x20 .\CortexM3\ARM_GCC_541\Debug\project1.a(USBUART_vnd.o)
 .debug_frame   0x00001600       0x70 .\CortexM3\ARM_GCC_541\Debug\project1.a(USBUART_Dp.o)
 .debug_frame   0x00001670      0x194 .\CortexM3\ARM_GCC_541\Debug\project1.a(CyFlash.o)
 .debug_frame   0x00001804      0x180 .\CortexM3\ARM_GCC_541\Debug\project1.a(CySpc.o)
 .debug_frame   0x00001984       0x2c .\CortexM3\ARM_GCC_541\Debug\project1.a(USBUART_cls.o)
 .debug_frame   0x000019b0       0x20 c:/program files (x86)/cypress/psoc creator/4.4/psoc creator/import/gnu/arm/5.4.1/bin/../lib/gcc/arm-none-eabi/5.4.1/../../../../arm-none-eabi/lib/armv7-m\libg_nano.a(lib_a-errno.o)
 .debug_frame   0x000019d0       0x28 c:/program files (x86)/cypress/psoc creator/4.4/psoc creator/import/gnu/arm/5.4.1/bin/../lib/gcc/arm-none-eabi/5.4.1/../../../../arm-none-eabi/lib/armv7-m\libg_nano.a(lib_a-exit.o)
 .debug_frame   0x000019f8       0x2c c:/program files (x86)/cypress/psoc creator/4.4/psoc creator/import/gnu/arm/5.4.1/bin/../lib/gcc/arm-none-eabi/5.4.1/../../../../arm-none-eabi/lib/armv7-m\libg_nano.a(lib_a-init.o)
 .debug_frame   0x00001a24       0x28 c:/program files (x86)/cypress/psoc creator/4.4/psoc creator/import/gnu/arm/5.4.1/bin/../lib/gcc/arm-none-eabi/5.4.1/../../../../arm-none-eabi/lib/armv7-m\libg_nano.a(lib_a-memcpy-stub.o)
 .debug_frame   0x00001a4c       0x20 c:/program files (x86)/cypress/psoc creator/4.4/psoc creator/import/gnu/arm/5.4.1/bin/../lib/gcc/arm-none-eabi/5.4.1/../../../../arm-none-eabi/lib/armv7-m\libg_nano.a(lib_a-memset.o)
 .debug_frame   0x00001a6c       0x20 c:/program files (x86)/cypress/psoc creator/4.4/psoc creator/import/gnu/arm/5.4.1/bin/../lib/gcc/arm-none-eabi/5.4.1/../../../../arm-none-eabi/lib/armv7-m\libg_nano.a(lib_a-strcmp.o)

.debug_str      0x00000000     0x2670
 *(.debug_str)
 .debug_str     0x00000000      0x28f .\CortexM3\ARM_GCC_541\Debug\main.o
                                0x2df (size before relaxing)
 .debug_str     0x0000028f      0x187 .\CortexM3\ARM_GCC_541\Debug\cyfitter_cfg.o
                                0x312 (size before relaxing)
 .debug_str     0x00000416       0x75 .\CortexM3\ARM_GCC_541\Debug\cymetadata.o
                                0x1e7 (size before relaxing)
 .debug_str     0x0000048b      0x144 .\CortexM3\ARM_GCC_541\Debug\Cm3Start.o
                                0x30d (size before relaxing)
 .debug_str     0x000005cf      0x84c .\CortexM3\ARM_GCC_541\Debug\project1.a(CyLib.o)
                                0xa4a (size before relaxing)
 .debug_str     0x00000e1b      0x365 .\CortexM3\ARM_GCC_541\Debug\project1.a(cyPm.o)
                                0x736 (size before relaxing)
 .debug_str     0x00001180      0x145 .\CortexM3\ARM_GCC_541\Debug\project1.a(LCD.o)
                                0x32e (size before relaxing)
 .debug_str     0x000012c5       0x52 .\CortexM3\ARM_GCC_541\Debug\project1.a(LED.o)
                                0x1db (size before relaxing)
 .debug_str     0x00001317      0x403 .\CortexM3\ARM_GCC_541\Debug\project1.a(USBUART.o)
                                0x66d (size before relaxing)
 .debug_str     0x0000171a      0x4d8 .\CortexM3\ARM_GCC_541\Debug\project1.a(USBUART_cdc.o)
                                0x7d4 (size before relaxing)
 .debug_str     0x00001bf2      0x291 .\CortexM3\ARM_GCC_541\Debug\project1.a(USBUART_drv.o)
                                0x64b (size before relaxing)
 .debug_str     0x00001e83       0x80 .\CortexM3\ARM_GCC_541\Debug\project1.a(USBUART_episr.o)
                                0x2e2 (size before relaxing)
 .debug_str     0x00001f03       0xc6 .\CortexM3\ARM_GCC_541\Debug\project1.a(USBUART_pm.o)
                                0x2f3 (size before relaxing)
 .debug_str     0x00001fc9      0x259 .\CortexM3\ARM_GCC_541\Debug\project1.a(USBUART_std.o)
                                0x7ba (size before relaxing)
 .debug_str     0x00002222       0x25 .\CortexM3\ARM_GCC_541\Debug\project1.a(USBUART_vnd.o)
                                0x1f0 (size before relaxing)
 .debug_str     0x00002247       0x99 .\CortexM3\ARM_GCC_541\Debug\project1.a(USBUART_Dp.o)
                                0x244 (size before relaxing)
 .debug_str     0x000022e0      0x1bb .\CortexM3\ARM_GCC_541\Debug\project1.a(CyFlash.o)
                                0x3c3 (size before relaxing)
 .debug_str     0x0000249b       0xac .\CortexM3\ARM_GCC_541\Debug\project1.a(CySpc.o)
                                0x33b (size before relaxing)
 .debug_str     0x00002547       0x25 .\CortexM3\ARM_GCC_541\Debug\project1.a(USBUART_cls.o)
                                0x2af (size before relaxing)
 .debug_str     0x0000256c      0x104 .\CortexM3\ARM_GCC_541\Debug\project1.a(USBUART_descr.o)
                                0x35c (size before relaxing)

.debug_loc      0x00000000     0x33ae
 *(.debug_loc)
 .debug_loc     0x00000000       0xdd .\CortexM3\ARM_GCC_541\Debug\main.o
 .debug_loc     0x000000dd      0x1d7 .\CortexM3\ARM_GCC_541\Debug\cyfitter_cfg.o
 .debug_loc     0x000002b4      0x144 .\CortexM3\ARM_GCC_541\Debug\Cm3Start.o
 .debug_loc     0x000003f8      0xa11 .\CortexM3\ARM_GCC_541\Debug\project1.a(CyLib.o)
 .debug_loc     0x00000e09      0x1e4 .\CortexM3\ARM_GCC_541\Debug\project1.a(cyPm.o)
 .debug_loc     0x00000fed      0x3c6 .\CortexM3\ARM_GCC_541\Debug\project1.a(LCD.o)
 .debug_loc     0x000013b3       0x42 .\CortexM3\ARM_GCC_541\Debug\project1.a(LED.o)
 .debug_loc     0x000013f5      0x3e1 .\CortexM3\ARM_GCC_541\Debug\project1.a(USBUART.o)
 .debug_loc     0x000017d6      0x557 .\CortexM3\ARM_GCC_541\Debug\project1.a(USBUART_cdc.o)
 .debug_loc     0x00001d2d      0x171 .\CortexM3\ARM_GCC_541\Debug\project1.a(USBUART_drv.o)
 .debug_loc     0x00001e9e       0x26 .\CortexM3\ARM_GCC_541\Debug\project1.a(USBUART_pm.o)
 .debug_loc     0x00001ec4      0x945 .\CortexM3\ARM_GCC_541\Debug\project1.a(USBUART_std.o)
 .debug_loc     0x00002809       0x84 .\CortexM3\ARM_GCC_541\Debug\project1.a(USBUART_Dp.o)
 .debug_loc     0x0000288d      0x3b2 .\CortexM3\ARM_GCC_541\Debug\project1.a(CyFlash.o)
 .debug_loc     0x00002c3f      0x705 .\CortexM3\ARM_GCC_541\Debug\project1.a(CySpc.o)
 .debug_loc     0x00003344       0x6a .\CortexM3\ARM_GCC_541\Debug\project1.a(USBUART_cls.o)

.debug_macinfo
 *(.debug_macinfo)

.debug_ranges   0x00000000      0x8a8
 *(.debug_ranges)
 .debug_ranges  0x00000000       0x20 .\CortexM3\ARM_GCC_541\Debug\main.o
 .debug_ranges  0x00000020       0x48 .\CortexM3\ARM_GCC_541\Debug\cyfitter_cfg.o
 .debug_ranges  0x00000068       0x38 .\CortexM3\ARM_GCC_541\Debug\Cm3Start.o
 .debug_ranges  0x000000a0      0x290 .\CortexM3\ARM_GCC_541\Debug\project1.a(CyLib.o)
 .debug_ranges  0x00000330       0x88 .\CortexM3\ARM_GCC_541\Debug\project1.a(cyPm.o)
 .debug_ranges  0x000003b8       0x88 .\CortexM3\ARM_GCC_541\Debug\project1.a(LCD.o)
 .debug_ranges  0x00000440       0x28 .\CortexM3\ARM_GCC_541\Debug\project1.a(LED.o)
 .debug_ranges  0x00000468       0xd0 .\CortexM3\ARM_GCC_541\Debug\project1.a(USBUART.o)
 .debug_ranges  0x00000538       0xd8 .\CortexM3\ARM_GCC_541\Debug\project1.a(USBUART_cdc.o)
 .debug_ranges  0x00000610       0x88 .\CortexM3\ARM_GCC_541\Debug\project1.a(USBUART_drv.o)
 .debug_ranges  0x00000698       0x30 .\CortexM3\ARM_GCC_541\Debug\project1.a(USBUART_episr.o)
 .debug_ranges  0x000006c8       0x30 .\CortexM3\ARM_GCC_541\Debug\project1.a(USBUART_pm.o)
 .debug_ranges  0x000006f8       0x70 .\CortexM3\ARM_GCC_541\Debug\project1.a(USBUART_std.o)
 .debug_ranges  0x00000768       0x10 .\CortexM3\ARM_GCC_541\Debug\project1.a(USBUART_vnd.o)
 .debug_ranges  0x00000778       0x38 .\CortexM3\ARM_GCC_541\Debug\project1.a(USBUART_Dp.o)
 .debug_ranges  0x000007b0       0x78 .\CortexM3\ARM_GCC_541\Debug\project1.a(CyFlash.o)
 .debug_ranges  0x00000828       0x70 .\CortexM3\ARM_GCC_541\Debug\project1.a(CySpc.o)
 .debug_ranges  0x00000898       0x10 .\CortexM3\ARM_GCC_541\Debug\project1.a(USBUART_cls.o)

.comment        0x00000000       0x6e
 .comment       0x00000000       0x6e .\CortexM3\ARM_GCC_541\Debug\main.o
                                 0x6f (size before relaxing)
 .comment       0x0000006e       0x6f .\CortexM3\ARM_GCC_541\Debug\cyfitter_cfg.o
 .comment       0x0000006e       0x6f .\CortexM3\ARM_GCC_541\Debug\cymetadata.o
 .comment       0x0000006e       0x6f .\CortexM3\ARM_GCC_541\Debug\Cm3Start.o
 .comment       0x0000006e       0x6f .\CortexM3\ARM_GCC_541\Debug\project1.a(CyLib.o)
 .comment       0x0000006e       0x6f .\CortexM3\ARM_GCC_541\Debug\project1.a(cyPm.o)
 .comment       0x0000006e       0x6f .\CortexM3\ARM_GCC_541\Debug\project1.a(LCD.o)
 .comment       0x0000006e       0x6f .\CortexM3\ARM_GCC_541\Debug\project1.a(LED.o)
 .comment       0x0000006e       0x6f .\CortexM3\ARM_GCC_541\Debug\project1.a(USBUART.o)
 .comment       0x0000006e       0x6f .\CortexM3\ARM_GCC_541\Debug\project1.a(USBUART_cdc.o)
 .comment       0x0000006e       0x6f .\CortexM3\ARM_GCC_541\Debug\project1.a(USBUART_drv.o)
 .comment       0x0000006e       0x6f .\CortexM3\ARM_GCC_541\Debug\project1.a(USBUART_episr.o)
 .comment       0x0000006e       0x6f .\CortexM3\ARM_GCC_541\Debug\project1.a(USBUART_pm.o)
 .comment       0x0000006e       0x6f .\CortexM3\ARM_GCC_541\Debug\project1.a(USBUART_std.o)
 .comment       0x0000006e       0x6f .\CortexM3\ARM_GCC_541\Debug\project1.a(USBUART_vnd.o)
 .comment       0x0000006e       0x6f .\CortexM3\ARM_GCC_541\Debug\project1.a(USBUART_Dp.o)
 .comment       0x0000006e       0x6f .\CortexM3\ARM_GCC_541\Debug\project1.a(CyFlash.o)
 .comment       0x0000006e       0x6f .\CortexM3\ARM_GCC_541\Debug\project1.a(CySpc.o)
 .comment       0x0000006e       0x6f .\CortexM3\ARM_GCC_541\Debug\project1.a(USBUART_cls.o)
 .comment       0x0000006e       0x6f .\CortexM3\ARM_GCC_541\Debug\project1.a(USBUART_descr.o)

.debug_weaknames
 *(.debug_weaknames)

.debug_funcnames
 *(.debug_funcnames)

.debug_typenames
 *(.debug_typenames)

.debug_varnames
 *(.debug_varnames)

.note.gnu.arm.ident
 *(.note.gnu.arm.ident)

.ARM.attributes
                0x00000000       0x29
 *(.ARM.attributes)
 .ARM.attributes
                0x00000000       0x1d c:/program files (x86)/cypress/psoc creator/4.4/psoc creator/import/gnu/arm/5.4.1/bin/../lib/gcc/arm-none-eabi/5.4.1/armv7-m/crti.o
 .ARM.attributes
                0x0000001d       0x2d c:/program files (x86)/cypress/psoc creator/4.4/psoc creator/import/gnu/arm/5.4.1/bin/../lib/gcc/arm-none-eabi/5.4.1/armv7-m/crtbegin.o
 .ARM.attributes
                0x0000004a       0x1b c:/program files (x86)/cypress/psoc creator/4.4/psoc creator/import/gnu/arm/5.4.1/bin/../lib/gcc/arm-none-eabi/5.4.1/../../../../arm-none-eabi/lib/armv7-m/crt0.o
 .ARM.attributes
                0x00000065       0x33 .\CortexM3\ARM_GCC_541\Debug\main.o
 .ARM.attributes
                0x00000098       0x33 .\CortexM3\ARM_GCC_541\Debug\cyfitter_cfg.o
 .ARM.attributes
                0x000000cb       0x33 .\CortexM3\ARM_GCC_541\Debug\cymetadata.o
 .ARM.attributes
                0x000000fe       0x33 .\CortexM3\ARM_GCC_541\Debug\Cm3Start.o
 .ARM.attributes
                0x00000131       0x33 .\CortexM3\ARM_GCC_541\Debug\project1.a(CyLib.o)
 .ARM.attributes
                0x00000164       0x33 .\CortexM3\ARM_GCC_541\Debug\project1.a(cyPm.o)
 .ARM.attributes
                0x00000197       0x33 .\CortexM3\ARM_GCC_541\Debug\project1.a(LCD.o)
 .ARM.attributes
                0x000001ca       0x33 .\CortexM3\ARM_GCC_541\Debug\project1.a(LED.o)
 .ARM.attributes
                0x000001fd       0x33 .\CortexM3\ARM_GCC_541\Debug\project1.a(USBUART.o)
 .ARM.attributes
                0x00000230       0x33 .\CortexM3\ARM_GCC_541\Debug\project1.a(USBUART_cdc.o)
 .ARM.attributes
                0x00000263       0x33 .\CortexM3\ARM_GCC_541\Debug\project1.a(USBUART_drv.o)
 .ARM.attributes
                0x00000296       0x33 .\CortexM3\ARM_GCC_541\Debug\project1.a(USBUART_episr.o)
 .ARM.attributes
                0x000002c9       0x33 .\CortexM3\ARM_GCC_541\Debug\project1.a(USBUART_pm.o)
 .ARM.attributes
                0x000002fc       0x33 .\CortexM3\ARM_GCC_541\Debug\project1.a(USBUART_std.o)
 .ARM.attributes
                0x0000032f       0x33 .\CortexM3\ARM_GCC_541\Debug\project1.a(USBUART_vnd.o)
 .ARM.attributes
                0x00000362       0x33 .\CortexM3\ARM_GCC_541\Debug\project1.a(USBUART_Dp.o)
 .ARM.attributes
                0x00000395       0x21 .\CortexM3\ARM_GCC_541\Debug\project1.a(CyBootAsmGnu.o)
 .ARM.attributes
                0x000003b6       0x33 .\CortexM3\ARM_GCC_541\Debug\project1.a(CyFlash.o)
 .ARM.attributes
                0x000003e9       0x33 .\CortexM3\ARM_GCC_541\Debug\project1.a(CySpc.o)
 .ARM.attributes
                0x0000041c       0x33 .\CortexM3\ARM_GCC_541\Debug\project1.a(USBUART_cls.o)
 .ARM.attributes
                0x0000044f       0x33 .\CortexM3\ARM_GCC_541\Debug\project1.a(USBUART_descr.o)
 .ARM.attributes
                0x00000482       0x2d c:/program files (x86)/cypress/psoc creator/4.4/psoc creator/import/gnu/arm/5.4.1/bin/../lib/gcc/arm-none-eabi/5.4.1/../../../../arm-none-eabi/lib/armv7-m\libg_nano.a(lib_a-errno.o)
 .ARM.attributes
                0x000004af       0x2d c:/program files (x86)/cypress/psoc creator/4.4/psoc creator/import/gnu/arm/5.4.1/bin/../lib/gcc/arm-none-eabi/5.4.1/../../../../arm-none-eabi/lib/armv7-m\libg_nano.a(lib_a-exit.o)
 .ARM.attributes
                0x000004dc       0x2d c:/program files (x86)/cypress/psoc creator/4.4/psoc creator/import/gnu/arm/5.4.1/bin/../lib/gcc/arm-none-eabi/5.4.1/../../../../arm-none-eabi/lib/armv7-m\libg_nano.a(lib_a-impure.o)
 .ARM.attributes
                0x00000509       0x2d c:/program files (x86)/cypress/psoc creator/4.4/psoc creator/import/gnu/arm/5.4.1/bin/../lib/gcc/arm-none-eabi/5.4.1/../../../../arm-none-eabi/lib/armv7-m\libg_nano.a(lib_a-init.o)
 .ARM.attributes
                0x00000536       0x2d c:/program files (x86)/cypress/psoc creator/4.4/psoc creator/import/gnu/arm/5.4.1/bin/../lib/gcc/arm-none-eabi/5.4.1/../../../../arm-none-eabi/lib/armv7-m\libg_nano.a(lib_a-memcpy-stub.o)
 .ARM.attributes
                0x00000563       0x2d c:/program files (x86)/cypress/psoc creator/4.4/psoc creator/import/gnu/arm/5.4.1/bin/../lib/gcc/arm-none-eabi/5.4.1/../../../../arm-none-eabi/lib/armv7-m\libg_nano.a(lib_a-memset.o)
 .ARM.attributes
                0x00000590       0x1b c:/program files (x86)/cypress/psoc creator/4.4/psoc creator/import/gnu/arm/5.4.1/bin/../lib/gcc/arm-none-eabi/5.4.1/../../../../arm-none-eabi/lib/armv7-m\libg_nano.a(lib_a-strcmp.o)
 .ARM.attributes
                0x000005ab       0x2d c:/program files (x86)/cypress/psoc creator/4.4/psoc creator/import/gnu/arm/5.4.1/bin/../lib/gcc/arm-none-eabi/5.4.1/armv7-m/crtend.o
 .ARM.attributes
                0x000005d8       0x1d c:/program files (x86)/cypress/psoc creator/4.4/psoc creator/import/gnu/arm/5.4.1/bin/../lib/gcc/arm-none-eabi/5.4.1/armv7-m/crtn.o

/DISCARD/
 *(.note.GNU-stack)
OUTPUT(C:\Users\Acer\3D Objects\Class Notes\PSoC\Workspace_1\project1.cydsn\CortexM3\ARM_GCC_541\Debug\project1.elf elf32-littlearm)
