Archive member included to satisfy reference by file (symbol)

.\CortexM3\ARM_GCC_541\Debug\display_voltage.a(LCD.o)
                              .\CortexM3\ARM_GCC_541\Debug\main.o (LCD_PrintString)
.\CortexM3\ARM_GCC_541\Debug\display_voltage.a(CyLib.o)
                              .\CortexM3\ARM_GCC_541\Debug\Cm3Start.o (CyHalt)
.\CortexM3\ARM_GCC_541\Debug\display_voltage.a(cyPm.o)
                              .\CortexM3\ARM_GCC_541\Debug\display_voltage.a(CyLib.o) (CyPmReadStatus)
.\CortexM3\ARM_GCC_541\Debug\display_voltage.a(ADC_SAR.o)
                              .\CortexM3\ARM_GCC_541\Debug\main.o (ADC_SAR_Start)
.\CortexM3\ARM_GCC_541\Debug\display_voltage.a(ADC_SAR_INT.o)
                              .\CortexM3\ARM_GCC_541\Debug\display_voltage.a(ADC_SAR.o) (ADC_SAR_ISR)
.\CortexM3\ARM_GCC_541\Debug\display_voltage.a(ADC_SAR_theACLK.o)
                              .\CortexM3\ARM_GCC_541\Debug\display_voltage.a(ADC_SAR.o) (ADC_SAR_theACLK_SetModeRegister)
.\CortexM3\ARM_GCC_541\Debug\display_voltage.a(LED.o)
                              .\CortexM3\ARM_GCC_541\Debug\main.o (LED_Write)
.\CortexM3\ARM_GCC_541\Debug\display_voltage.a(PWM.o)
                              .\CortexM3\ARM_GCC_541\Debug\main.o (PWM_WriteCompare)
.\CortexM3\ARM_GCC_541\Debug\display_voltage.a(CyBootAsmGnu.o)
                              .\CortexM3\ARM_GCC_541\Debug\cyfitter_cfg.o (CyDelayCycles)
.\CortexM3\ARM_GCC_541\Debug\display_voltage.a(CyFlash.o)
                              .\CortexM3\ARM_GCC_541\Debug\display_voltage.a(cyPm.o) (CyFlash_SetWaitCycles)
.\CortexM3\ARM_GCC_541\Debug\display_voltage.a(CySpc.o)
                              .\CortexM3\ARM_GCC_541\Debug\display_voltage.a(CyFlash.o) (CySpcStart)
c:/program files (x86)/cypress/psoc creator/4.4/psoc creator/import/gnu/arm/5.4.1/bin/../lib/gcc/arm-none-eabi/5.4.1/armv7-m\libgcc.a(_arm_addsubdf3.o)
                              .\CortexM3\ARM_GCC_541\Debug\main.o (__aeabi_f2d)
c:/program files (x86)/cypress/psoc creator/4.4/psoc creator/import/gnu/arm/5.4.1/bin/../lib/gcc/arm-none-eabi/5.4.1/armv7-m\libgcc.a(_arm_muldivdf3.o)
                              .\CortexM3\ARM_GCC_541\Debug\main.o (__aeabi_dmul)
c:/program files (x86)/cypress/psoc creator/4.4/psoc creator/import/gnu/arm/5.4.1/bin/../lib/gcc/arm-none-eabi/5.4.1/armv7-m\libgcc.a(_arm_fixunsdfsi.o)
                              .\CortexM3\ARM_GCC_541\Debug\main.o (__aeabi_d2uiz)
c:/program files (x86)/cypress/psoc creator/4.4/psoc creator/import/gnu/arm/5.4.1/bin/../lib/gcc/arm-none-eabi/5.4.1/armv7-m\libgcc.a(_arm_truncdfsf2.o)
                              .\CortexM3\ARM_GCC_541\Debug\main.o (__aeabi_d2f)
c:/program files (x86)/cypress/psoc creator/4.4/psoc creator/import/gnu/arm/5.4.1/bin/../lib/gcc/arm-none-eabi/5.4.1/armv7-m\libgcc.a(_arm_addsubsf3.o)
                              .\CortexM3\ARM_GCC_541\Debug\main.o (__aeabi_i2f)
c:/program files (x86)/cypress/psoc creator/4.4/psoc creator/import/gnu/arm/5.4.1/bin/../lib/gcc/arm-none-eabi/5.4.1/armv7-m\libgcc.a(_arm_muldivsf3.o)
                              .\CortexM3\ARM_GCC_541\Debug\main.o (__aeabi_fmul)
c:/program files (x86)/cypress/psoc creator/4.4/psoc creator/import/gnu/arm/5.4.1/bin/../lib/gcc/arm-none-eabi/5.4.1/armv7-m\libgcc.a(_arm_cmpsf2.o)
                              .\CortexM3\ARM_GCC_541\Debug\main.o (__aeabi_fcmpge)
c:/program files (x86)/cypress/psoc creator/4.4/psoc creator/import/gnu/arm/5.4.1/bin/../lib/gcc/arm-none-eabi/5.4.1/armv7-m\libgcc.a(_aeabi_ldivmod.o)
                              .\CortexM3\ARM_GCC_541\Debug\display_voltage.a(ADC_SAR.o) (__aeabi_ldivmod)
c:/program files (x86)/cypress/psoc creator/4.4/psoc creator/import/gnu/arm/5.4.1/bin/../lib/gcc/arm-none-eabi/5.4.1/armv7-m\libgcc.a(_udivmoddi4.o)
                              c:/program files (x86)/cypress/psoc creator/4.4/psoc creator/import/gnu/arm/5.4.1/bin/../lib/gcc/arm-none-eabi/5.4.1/armv7-m\libgcc.a(_aeabi_ldivmod.o) (__udivmoddi4)
c:/program files (x86)/cypress/psoc creator/4.4/psoc creator/import/gnu/arm/5.4.1/bin/../lib/gcc/arm-none-eabi/5.4.1/armv7-m\libgcc.a(_dvmd_tls.o)
                              c:/program files (x86)/cypress/psoc creator/4.4/psoc creator/import/gnu/arm/5.4.1/bin/../lib/gcc/arm-none-eabi/5.4.1/armv7-m\libgcc.a(_aeabi_ldivmod.o) (__aeabi_ldiv0)
c:/program files (x86)/cypress/psoc creator/4.4/psoc creator/import/gnu/arm/5.4.1/bin/../lib/gcc/arm-none-eabi/5.4.1/../../../../arm-none-eabi/lib/armv7-m\libg_nano.a(lib_a-errno.o)
                              .\CortexM3\ARM_GCC_541\Debug\Cm3Start.o (__errno)
c:/program files (x86)/cypress/psoc creator/4.4/psoc creator/import/gnu/arm/5.4.1/bin/../lib/gcc/arm-none-eabi/5.4.1/../../../../arm-none-eabi/lib/armv7-m\libg_nano.a(lib_a-exit.o)
                              c:/program files (x86)/cypress/psoc creator/4.4/psoc creator/import/gnu/arm/5.4.1/bin/../lib/gcc/arm-none-eabi/5.4.1/../../../../arm-none-eabi/lib/armv7-m/crt0.o (exit)
[...]
Memory Configuration

Name             Origin             Length             Attributes
rom              0x00000000         0x00040000         xr
ram              0x1fff8000         0x00010000         xrw
*default*        0x00000000         0xffffffff

Linker script and memory map

LOAD c:/program files (x86)/cypress/psoc creator/4.4/psoc creator/import/gnu/arm/5.4.1/bin/../lib/gcc/arm-none-eabi/5.4.1/armv7-m/crti.o
LOAD c:/program files (x86)/cypress/psoc creator/4.4/psoc creator/import/gnu/arm/5.4.1/bin/../lib/gcc/arm-none-eabi/5.4.1/armv7-m/crtbegin.o
LOAD c:/program files (x86)/cypress/psoc creator/4.4/psoc creator/import/gnu/arm/5.4.1/bin/../lib/gcc/arm-none-eabi/5.4.1/../../../../arm-none-eabi/lib/armv7-m/crt0.o
START GROUP
LOAD .\CortexM3\ARM_GCC_541\Debug\main.o
LOAD .\CortexM3\ARM_GCC_541\Debug\cyfitter_cfg.o
LOAD .\CortexM3\ARM_GCC_541\Debug\cymetadata.o
LOAD .\CortexM3\ARM_GCC_541\Debug\Cm3Start.o
LOAD .\CortexM3\ARM_GCC_541\Debug\display_voltage.a
LOAD C:\Program Files (x86)\Cypress\PSoC Creator\4.4\PSoC Creator\psoc\content\cycomponentlibrary\CyComponentLibrary.cylib\CortexM3\ARM_GCC_541\Debug\CyComponentLibrary.a
END GROUP
START GROUP
LOAD c:/program files (x86)/cypress/psoc creator/4.4/psoc creator/import/gnu/arm/5.4.1/bin/../lib/gcc/arm-none-eabi/5.4.1/armv7-m\libgcc.a
LOAD c:/program files (x86)/cypress/psoc creator/4.4/psoc creator/import/gnu/arm/5.4.1/bin/../lib/gcc/arm-none-eabi/5.4.1/../../../../arm-none-eabi/lib/armv7-m\libg_nano.a
LOAD c:/program files (x86)/cypress/psoc creator/4.4/psoc creator/import/gnu/arm/5.4.1/bin/../lib/gcc/arm-none-eabi/5.4.1/../../../../arm-none-eabi/lib/armv7-m\libc_nano.a
END GROUP
START GROUP
LOAD c:/program files (x86)/cypress/psoc creator/4.4/psoc creator/import/gnu/arm/5.4.1/bin/../lib/gcc/arm-none-eabi/5.4.1/armv7-m\libgcc.a
LOAD c:/program files (x86)/cypress/psoc creator/4.4/psoc creator/import/gnu/arm/5.4.1/bin/../lib/gcc/arm-none-eabi/5.4.1/../../../../arm-none-eabi/lib/armv7-m\libc_nano.a
END GROUP
LOAD c:/program files (x86)/cypress/psoc creator/4.4/psoc creator/import/gnu/arm/5.4.1/bin/../lib/gcc/arm-none-eabi/5.4.1/armv7-m/crtend.o
LOAD c:/program files (x86)/cypress/psoc creator/4.4/psoc creator/import/gnu/arm/5.4.1/bin/../lib/gcc/arm-none-eabi/5.4.1/armv7-m/crtn.o
START GROUP
LOAD c:/program files (x86)/cypress/psoc creator/4.4/psoc creator/import/gnu/arm/5.4.1/bin/../lib/gcc/arm-none-eabi/5.4.1/armv7-m\libgcc.a
LOAD c:/program files (x86)/cypress/psoc creator/4.4/psoc creator/import/gnu/arm/5.4.1/bin/../lib/gcc/arm-none-eabi/5.4.1/../../../../arm-none-eabi/lib/armv7-m\libc.a
LOAD c:/program files (x86)/cypress/psoc creator/4.4/psoc creator/import/gnu/arm/5.4.1/bin/../lib/gcc/arm-none-eabi/5.4.1/../../../../arm-none-eabi/lib/armv7-m\libnosys.a
END GROUP
                0x00000000                CY_APPL_ORIGIN = 0x0
                0x00000100                CY_FLASH_ROW_SIZE = 0x100
                0x00000020                CY_ECC_ROW_SIZE = 0x20
                0x00000000                CY_EE_IN_BTLDR = 0x0
                0x00000000                CY_APPL_LOADABLE = 0x0
                0x00000800                CY_EE_SIZE = 0x800
                0x00000001                CY_APPL_NUM = 0x1
                0x00000001                CY_APPL_MAX = 0x1
                0x00000040                CY_METADATA_SIZE = 0x40
                0x00000000                CY_APPL_LOADABLE = 0x0
                0x00000000                CY_CHECKSUM_EXCLUDE_SIZE = ALIGN (0x0, CY_FLASH_ROW_SIZE)
                [!provide]                PROVIDE (__cy_heap_start, _end)
                0x00000001                PROVIDE (__cy_region_num, ((__cy_regions_end - __cy_regions) / 0x10))
                0x20008000                PROVIDE (__cy_stack, (ORIGIN (ram) + LENGTH (ram)))
                [!provide]                PROVIDE (__cy_heap_end, (__cy_stack - 0x800))

.cybootloader   0x00000000        0x0
 *(.cybootloader)
                0x00000000                appl1_start = CY_APPL_ORIGIN?CY_APPL_ORIGIN:ALIGN (CY_FLASH_ROW_SIZE)
                0x0001ff00                appl2_start = (appl1_start + ALIGN ((((LENGTH (rom) - appl1_start) - (0x2 * CY_FLASH_ROW_SIZE)) / 0x2), CY_FLASH_ROW_SIZE))
                0x00000000                appl_start = (CY_APPL_NUM == 0x1)?appl1_start:appl2_start
                0x00000000                ecc_offset = ((appl_start / CY_FLASH_ROW_SIZE) * CY_ECC_ROW_SIZE)
                0x00000000                ee_offset = (CY_APPL_LOADABLE && ! (CY_EE_IN_BTLDR))?((CY_EE_SIZE / CY_APPL_MAX) * (CY_APPL_NUM - 0x1)):0x0
                0x00000800                ee_size = (CY_APPL_LOADABLE && ! (CY_EE_IN_BTLDR))?(CY_EE_SIZE / CY_APPL_MAX):CY_EE_SIZE
                [!provide]                PROVIDE (CY_ECC_OFFSET, ecc_offset)

.text           0x00000000     0x3a9c
 CREATE_OBJECT_SYMBOLS
                0x00000000                PROVIDE (__cy_interrupt_vector, RomVectors)
 *(.romvectors)
 .romvectors    0x00000000       0x10 .\CortexM3\ARM_GCC_541\Debug\Cm3Start.o
                0x00000000                RomVectors
                0x00000001                ASSERT ((. != __cy_interrupt_vector), No interrupt vector)
                0x00000001                ASSERT (CY_APPL_ORIGIN?(SIZEOF (.cybootloader) <= CY_APPL_ORIGIN):0x1, Wrong image location)
                0x00000010                PROVIDE (__cy_reset, Reset)
 *(.text.Reset)
 .text.Reset    0x00000010       0x18 .\CortexM3\ARM_GCC_541\Debug\Cm3Start.o
                0x00000010                Reset
                0x00000001                ASSERT ((. != __cy_reset), No reset code)
 *(.dma_init)
                0x00000001                ASSERT ((((appl_start + .) <= 0x10000) || 0x1), DMA Init must be within the first 64k of flash)
 *(.text .text.* .gnu.linkonce.t.*)
 .text          0x00000028       0x5c c:/program files (x86)/cypress/psoc creator/4.4/psoc creator/import/gnu/arm/5.4.1/bin/../lib/gcc/arm-none-eabi/5.4.1/armv7-m/crtbegin.o
 *fill*         0x00000084        0x4 
 .text.main     0x00000088       0xf4 .\CortexM3\ARM_GCC_541\Debug\main.o
                0x00000088                main
 .text.CyClockStartupError
                0x0000017c        0x4 .\CortexM3\ARM_GCC_541\Debug\cyfitter_cfg.o
 .text.cfg_write_bytes32
                0x00000180       0x34 .\CortexM3\ARM_GCC_541\Debug\cyfitter_cfg.o
 .text.CYMEMZERO
                0x000001b4        0xc .\CortexM3\ARM_GCC_541\Debug\cyfitter_cfg.o
 .text.AnalogSetDefault
                0x000001c0       0x68 .\CortexM3\ARM_GCC_541\Debug\cyfitter_cfg.o
 .text.CYCONFIGCPY
                0x00000228        0x8 .\CortexM3\ARM_GCC_541\Debug\cyfitter_cfg.o
 .text.ClockSetup
                0x00000230       0xe4 .\CortexM3\ARM_GCC_541\Debug\cyfitter_cfg.o
 .text.cyfitter_cfg
                0x00000314       0xf0 .\CortexM3\ARM_GCC_541\Debug\cyfitter_cfg.o
                0x00000314                cyfitter_cfg
 .text.IntDefaultHandler
                0x00000404       0x10 .\CortexM3\ARM_GCC_541\Debug\Cm3Start.o
                0x00000404                IntDefaultHandler
 .text._sbrk    0x00000414       0x30 .\CortexM3\ARM_GCC_541\Debug\Cm3Start.o
                0x00000414                _sbrk
 .text.Start_c  0x00000444       0x4c .\CortexM3\ARM_GCC_541\Debug\Cm3Start.o
                0x00000444                Start_c
 .text.initialize_psoc
                0x00000490       0x68 .\CortexM3\ARM_GCC_541\Debug\Cm3Start.o
                0x00000490                initialize_psoc
 .text.LCD_WrCntrlNib
                0x000004f8       0x34 .\CortexM3\ARM_GCC_541\Debug\display_voltage.a(LCD.o)
 .text.LCD_WrDatNib
                0x0000052c       0x44 .\CortexM3\ARM_GCC_541\Debug\display_voltage.a(LCD.o)
 .text.LCD_IsReady
                0x00000570       0xe4 .\CortexM3\ARM_GCC_541\Debug\display_voltage.a(LCD.o)
                0x00000570                LCD_IsReady
 .text.LCD_WriteData
                0x00000654       0x18 .\CortexM3\ARM_GCC_541\Debug\display_voltage.a(LCD.o)
                0x00000654                LCD_WriteData
 .text.LCD_PrintString
                0x0000066c       0x1c .\CortexM3\ARM_GCC_541\Debug\display_voltage.a(LCD.o)
                0x0000066c                LCD_PrintString
 .text.LCD_WriteControl
                0x00000688       0x18 .\CortexM3\ARM_GCC_541\Debug\display_voltage.a(LCD.o)
                0x00000688                LCD_WriteControl
 .text.LCD_Init
                0x000006a0       0x6c .\CortexM3\ARM_GCC_541\Debug\display_voltage.a(LCD.o)
                0x000006a0                LCD_Init
 .text.LCD_Enable
                0x0000070c       0x14 .\CortexM3\ARM_GCC_541\Debug\display_voltage.a(LCD.o)
                0x0000070c                LCD_Enable
 .text.LCD_Start
                0x00000720       0x1c .\CortexM3\ARM_GCC_541\Debug\display_voltage.a(LCD.o)
                0x00000720                LCD_Start
 .text.LCD_Position
                0x0000073c       0x3c .\CortexM3\ARM_GCC_541\Debug\display_voltage.a(LCD.o)
                0x0000073c                LCD_Position
 .text.CyHalt   0x00000778        0x4 .\CortexM3\ARM_GCC_541\Debug\display_voltage.a(CyLib.o)
                0x00000778                CyHalt
 .text.CyDelay  0x0000077c       0x2c .\CortexM3\ARM_GCC_541\Debug\display_voltage.a(CyLib.o)
                0x0000077c                CyDelay
 .text.CyDelayUs
                0x000007a8       0x14 .\CortexM3\ARM_GCC_541\Debug\display_voltage.a(CyLib.o)
                0x000007a8                CyDelayUs
 .text.CyIntSetVector
                0x000007bc       0x28 .\CortexM3\ARM_GCC_541\Debug\display_voltage.a(CyLib.o)
                0x000007bc                CyIntSetVector
 .text.CyIntSetPriority
                0x000007e4       0x30 .\CortexM3\ARM_GCC_541\Debug\display_voltage.a(CyLib.o)
                0x000007e4                CyIntSetPriority
 .text.ADC_SAR_CalcGain
                0x00000814       0x64 .\CortexM3\ARM_GCC_541\Debug\display_voltage.a(ADC_SAR.o)
 .text.ADC_SAR_Enable
                0x00000878       0x94 .\CortexM3\ARM_GCC_541\Debug\display_voltage.a(ADC_SAR.o)
                0x00000878                ADC_SAR_Enable
 .text.ADC_SAR_SetResolution
                0x0000090c       0x38 .\CortexM3\ARM_GCC_541\Debug\display_voltage.a(ADC_SAR.o)
                0x0000090c                ADC_SAR_SetResolution
 .text.ADC_SAR_Init
                0x00000944       0x3c .\CortexM3\ARM_GCC_541\Debug\display_voltage.a(ADC_SAR.o)
                0x00000944                ADC_SAR_Init
 .text.ADC_SAR_Start
                0x00000980       0x1c .\CortexM3\ARM_GCC_541\Debug\display_voltage.a(ADC_SAR.o)
                0x00000980                ADC_SAR_Start
 .text.ADC_SAR_StartConvert
                0x0000099c       0x10 .\CortexM3\ARM_GCC_541\Debug\display_voltage.a(ADC_SAR.o)
                0x0000099c                ADC_SAR_StartConvert
 .text.ADC_SAR_IsEndConversion
                0x000009ac       0x24 .\CortexM3\ARM_GCC_541\Debug\display_voltage.a(ADC_SAR.o)
                0x000009ac                ADC_SAR_IsEndConversion
 .text.ADC_SAR_GetResult16
                0x000009d0       0x18 .\CortexM3\ARM_GCC_541\Debug\display_voltage.a(ADC_SAR.o)
                0x000009d0                ADC_SAR_GetResult16
 .text.ADC_SAR_ISR
                0x000009e8        0x4 .\CortexM3\ARM_GCC_541\Debug\display_voltage.a(ADC_SAR_INT.o)
                0x000009e8                ADC_SAR_ISR
 .text.ADC_SAR_theACLK_SetModeRegister
                0x000009ec       0x14 .\CortexM3\ARM_GCC_541\Debug\display_voltage.a(ADC_SAR_theACLK.o)
                0x000009ec                ADC_SAR_theACLK_SetModeRegister
 .text.LED_Write
                0x00000a00       0x18 .\CortexM3\ARM_GCC_541\Debug\display_voltage.a(LED.o)
                0x00000a00                LED_Write
 .text.PWM_WriteCompare
                0x00000a18        0xc .\CortexM3\ARM_GCC_541\Debug\display_voltage.a(PWM.o)
                0x00000a18                PWM_WriteCompare
 *fill*         0x00000a24        0x4 
 .text          0x00000a28       0x20 .\CortexM3\ARM_GCC_541\Debug\display_voltage.a(CyBootAsmGnu.o)
                0x00000a28                CyDelayCycles
                0x00000a38                CyEnterCriticalSection
                0x00000a40                CyExitCriticalSection
 .text          0x00000a48      0x370 c:/program files (x86)/cypress/psoc creator/4.4/psoc creator/import/gnu/arm/5.4.1/bin/../lib/gcc/arm-none-eabi/5.4.1/armv7-m\libgcc.a(_arm_addsubdf3.o)
                0x00000a48                __aeabi_drsub
                0x00000a50                __aeabi_dsub
                0x00000a50                __subdf3
                0x00000a54                __aeabi_dadd
                0x00000a54                __adddf3
                0x00000ccc                __floatunsidf
                0x00000ccc                __aeabi_ui2d
                0x00000cec                __floatsidf
                0x00000cec                __aeabi_i2d
                0x00000d10                __aeabi_f2d
                0x00000d10                __extendsfdf2
                0x00000d4c                __floatundidf
                0x00000d4c                __aeabi_ul2d
                0x00000d5c                __floatdidf
                0x00000d5c                __aeabi_l2d
 .text          0x00000db8      0x424 c:/program files (x86)/cypress/psoc creator/4.4/psoc creator/import/gnu/arm/5.4.1/bin/../lib/gcc/arm-none-eabi/5.4.1/armv7-m\libgcc.a(_arm_muldivdf3.o)
                0x00000db8                __aeabi_dmul
                0x00000db8                __muldf3
                0x0000100c                __divdf3
                0x0000100c                __aeabi_ddiv
 .text          0x000011dc       0x40 c:/program files (x86)/cypress/psoc creator/4.4/psoc creator/import/gnu/arm/5.4.1/bin/../lib/gcc/arm-none-eabi/5.4.1/armv7-m\libgcc.a(_arm_fixunsdfsi.o)
                0x000011dc                __aeabi_d2uiz
                0x000011dc                __fixunsdfsi
 .text          0x0000121c       0xa0 c:/program files (x86)/cypress/psoc creator/4.4/psoc creator/import/gnu/arm/5.4.1/bin/../lib/gcc/arm-none-eabi/5.4.1/armv7-m\libgcc.a(_arm_truncdfsf2.o)
                0x0000121c                __truncdfsf2
                0x0000121c                __aeabi_d2f
 .text          0x000012bc      0x21c c:/program files (x86)/cypress/psoc creator/4.4/psoc creator/import/gnu/arm/5.4.1/bin/../lib/gcc/arm-none-eabi/5.4.1/armv7-m\libgcc.a(_arm_addsubsf3.o)
                0x000012bc                __aeabi_frsub
                0x000012c4                __subsf3
                0x000012c4                __aeabi_fsub
                0x000012c8                __aeabi_fadd
                0x000012c8                __addsf3
                0x00001428                __aeabi_ui2f
                0x00001428                __floatunsisf
                0x00001430                __aeabi_i2f
                0x00001430                __floatsisf
                0x0000144c                __aeabi_ul2f
                0x0000144c                __floatundisf
                0x0000145c                __aeabi_l2f
                0x0000145c                __floatdisf
 .text          0x000014d8      0x2a0 c:/program files (x86)/cypress/psoc creator/4.4/psoc creator/import/gnu/arm/5.4.1/bin/../lib/gcc/arm-none-eabi/5.4.1/armv7-m\libgcc.a(_arm_muldivsf3.o)
                0x000014d8                __mulsf3
                0x000014d8                __aeabi_fmul
                0x00001640                __aeabi_fdiv
                0x00001640                __divsf3
 .text          0x00001778       0xec c:/program files (x86)/cypress/psoc creator/4.4/psoc creator/import/gnu/arm/5.4.1/bin/../lib/gcc/arm-none-eabi/5.4.1/armv7-m\libgcc.a(_arm_cmpsf2.o)
                0x00001778                __gesf2
                0x00001778                __gtsf2
                0x00001780                __lesf2
                0x00001780                __ltsf2
                0x00001788                __nesf2
                0x00001788                __eqsf2
                0x00001788                __cmpsf2
                0x000017e8                __aeabi_cfrcmple
                0x000017f0                __aeabi_cfcmpeq
                0x000017f0                __aeabi_cfcmple
                0x00001800                __aeabi_fcmpeq
                0x00001814                __aeabi_fcmplt
                0x00001828                __aeabi_fcmple
                0x0000183c                __aeabi_fcmpge
                0x00001850                __aeabi_fcmpgt
 .text.__errno  0x00001864        0xc c:/program files (x86)/cypress/psoc creator/4.4/psoc creator/import/gnu/arm/5.4.1/bin/../lib/gcc/arm-none-eabi/5.4.1/../../../../arm-none-eabi/lib/armv7-m\libg_nano.a(lib_a-errno.o)
                0x00001864                __errno
 .text.__libc_init_array
                0x00001870       0x4c c:/program files (x86)/cypress/psoc creator/4.4/psoc creator/import/gnu/arm/5.4.1/bin/../lib/gcc/arm-none-eabi/5.4.1/../../../../arm-none-eabi/lib/armv7-m\libg_nano.a(lib_a-init.o)
                0x00001870                __libc_init_array
 .text.memcpy   0x000018bc       0x16 c:/program files (x86)/cypress/psoc creator/4.4/psoc creator/import/gnu/arm/5.4.1/bin/../lib/gcc/arm-none-eabi/5.4.1/../../../../arm-none-eabi/lib/armv7-m\libg_nano.a(lib_a-memcpy-stub.o)
                0x000018bc                memcpy
 .text.memset   0x000018d2       0x10 c:/program files (x86)/cypress/psoc creator/4.4/psoc creator/import/gnu/arm/5.4.1/bin/../lib/gcc/arm-none-eabi/5.4.1/../../../../arm-none-eabi/lib/armv7-m\libg_nano.a(lib_a-memset.o)
                0x000018d2                memset
 .text.__cvt    0x000018e2       0xc0 c:/program files (x86)/cypress/psoc creator/4.4/psoc creator/import/gnu/arm/5.4.1/bin/../lib/gcc/arm-none-eabi/5.4.1/../../../../arm-none-eabi/lib/armv7-m\libg_nano.a(lib_a-nano-vfprintf_float.o)
                0x000018e2                __cvt
 .text.__exponent
                0x000019a2       0x62 c:/program files (x86)/cypress/psoc creator/4.4/psoc creator/import/gnu/arm/5.4.1/bin/../lib/gcc/arm-none-eabi/5.4.1/../../../../arm-none-eabi/lib/armv7-m\libg_nano.a(lib_a-nano-vfprintf_float.o)
                0x000019a2                __exponent
 .text._printf_float
                0x00001a04      0x488 c:/program files (x86)/cypress/psoc creator/4.4/psoc creator/import/gnu/arm/5.4.1/bin/../lib/gcc/arm-none-eabi/5.4.1/../../../../arm-none-eabi/lib/armv7-m\libg_nano.a(lib_a-nano-vfprintf_float.o)
                0x00001a04                _printf_float
 .text._printf_common
                0x00001e8c       0xec c:/program files (x86)/cypress/psoc creator/4.4/psoc creator/import/gnu/arm/5.4.1/bin/../lib/gcc/arm-none-eabi/5.4.1/../../../../arm-none-eabi/lib/armv7-m\libg_nano.a(lib_a-nano-vfprintf_i.o)
                0x00001e8c                _printf_common
 .text._printf_i
                0x00001f78      0x24c c:/program files (x86)/cypress/psoc creator/4.4/psoc creator/import/gnu/arm/5.4.1/bin/../lib/gcc/arm-none-eabi/5.4.1/../../../../arm-none-eabi/lib/armv7-m\libg_nano.a(lib_a-nano-vfprintf_i.o)
                0x00001f78                _printf_i
 .text.sprintf  0x000021c4       0x48 c:/program files (x86)/cypress/psoc creator/4.4/psoc creator/import/gnu/arm/5.4.1/bin/../lib/gcc/arm-none-eabi/5.4.1/../../../../arm-none-eabi/lib/armv7-m\libg_nano.a(lib_a-sprintf.o)
                0x000021c4                siprintf
                0x000021c4                sprintf
 .text          0x0000220c       0x10 c:/program files (x86)/cypress/psoc creator/4.4/psoc creator/import/gnu/arm/5.4.1/bin/../lib/gcc/arm-none-eabi/5.4.1/../../../../arm-none-eabi/lib/armv7-m\libg_nano.a(lib_a-strlen.o)
                0x0000220c                strlen
 .text.quorem   0x0000221c      0x116 c:/program files (x86)/cypress/psoc creator/4.4/psoc creator/import/gnu/arm/5.4.1/bin/../lib/gcc/arm-none-eabi/5.4.1/../../../../arm-none-eabi/lib/armv7-m\libg_nano.a(lib_a-dtoa.o)
 *fill*         0x00002332        0x6 
 .text._dtoa_r  0x00002338      0xb30 c:/program files (x86)/cypress/psoc creator/4.4/psoc creator/import/gnu/arm/5.4.1/bin/../lib/gcc/arm-none-eabi/5.4.1/../../../../arm-none-eabi/lib/armv7-m\libg_nano.a(lib_a-dtoa.o)
                0x00002338                _dtoa_r
 .text._localeconv_r
                0x00002e68        0x8 c:/program files (x86)/cypress/psoc creator/4.4/psoc creator/import/gnu/arm/5.4.1/bin/../lib/gcc/arm-none-eabi/5.4.1/../../../../arm-none-eabi/lib/armv7-m\libg_nano.a(lib_a-locale.o)
                0x00002e68                _localeconv_r
 .text.malloc   0x00002e70       0x10 c:/program files (x86)/cypress/psoc creator/4.4/psoc creator/import/gnu/arm/5.4.1/bin/../lib/gcc/arm-none-eabi/5.4.1/../../../../arm-none-eabi/lib/armv7-m\libg_nano.a(lib_a-malloc.o)
                0x00002e70                malloc
 .text.memchr   0x00002e80       0x1c c:/program files (x86)/cypress/psoc creator/4.4/psoc creator/import/gnu/arm/5.4.1/bin/../lib/gcc/arm-none-eabi/5.4.1/../../../../arm-none-eabi/lib/armv7-m\libg_nano.a(lib_a-memchr-stub.o)
                0x00002e80                memchr
 .text._Balloc  0x00002e9c       0x6a c:/program files (x86)/cypress/psoc creator/4.4/psoc creator/import/gnu/arm/5.4.1/bin/../lib/gcc/arm-none-eabi/5.4.1/../../../../arm-none-eabi/lib/armv7-m\libg_nano.a(lib_a-mprec.o)
                0x00002e9c                _Balloc
 .text._Bfree   0x00002f06       0x2e c:/program files (x86)/cypress/psoc creator/4.4/psoc creator/import/gnu/arm/5.4.1/bin/../lib/gcc/arm-none-eabi/5.4.1/../../../../arm-none-eabi/lib/armv7-m\libg_nano.a(lib_a-mprec.o)
                0x00002f06                _Bfree
 .text.__multadd
                0x00002f34       0x76 c:/program files (x86)/cypress/psoc creator/4.4/psoc creator/import/gnu/arm/5.4.1/bin/../lib/gcc/arm-none-eabi/5.4.1/../../../../arm-none-eabi/lib/armv7-m\libg_nano.a(lib_a-mprec.o)
                0x00002f34                __multadd
 .text.__hi0bits
                0x00002faa       0x40 c:/program files (x86)/cypress/psoc creator/4.4/psoc creator/import/gnu/arm/5.4.1/bin/../lib/gcc/arm-none-eabi/5.4.1/../../../../arm-none-eabi/lib/armv7-m\libg_nano.a(lib_a-mprec.o)
                0x00002faa                __hi0bits
 .text.__lo0bits
                0x00002fea       0x5a c:/program files (x86)/cypress/psoc creator/4.4/psoc creator/import/gnu/arm/5.4.1/bin/../lib/gcc/arm-none-eabi/5.4.1/../../../../arm-none-eabi/lib/armv7-m\libg_nano.a(lib_a-mprec.o)
                0x00002fea                __lo0bits
 .text.__i2b    0x00003044       0x12 c:/program files (x86)/cypress/psoc creator/4.4/psoc creator/import/gnu/arm/5.4.1/bin/../lib/gcc/arm-none-eabi/5.4.1/../../../../arm-none-eabi/lib/armv7-m\libg_nano.a(lib_a-mprec.o)
                0x00003044                __i2b
 .text.__multiply
                0x00003056      0x120 c:/program files (x86)/cypress/psoc creator/4.4/psoc creator/import/gnu/arm/5.4.1/bin/../lib/gcc/arm-none-eabi/5.4.1/../../../../arm-none-eabi/lib/armv7-m\libg_nano.a(lib_a-mprec.o)
                0x00003056                __multiply
 *fill*         0x00003176        0x2 
 .text.__pow5mult
                0x00003178       0x9c c:/program files (x86)/cypress/psoc creator/4.4/psoc creator/import/gnu/arm/5.4.1/bin/../lib/gcc/arm-none-eabi/5.4.1/../../../../arm-none-eabi/lib/armv7-m\libg_nano.a(lib_a-mprec.o)
                0x00003178                __pow5mult
 .text.__lshift
                0x00003214       0xa2 c:/program files (x86)/cypress/psoc creator/4.4/psoc creator/import/gnu/arm/5.4.1/bin/../lib/gcc/arm-none-eabi/5.4.1/../../../../arm-none-eabi/lib/armv7-m\libg_nano.a(lib_a-mprec.o)
                0x00003214                __lshift
 .text.__mcmp   0x000032b6       0x38 c:/program files (x86)/cypress/psoc creator/4.4/psoc creator/import/gnu/arm/5.4.1/bin/../lib/gcc/arm-none-eabi/5.4.1/../../../../arm-none-eabi/lib/armv7-m\libg_nano.a(lib_a-mprec.o)
                0x000032b6                __mcmp
 .text.__mdiff  0x000032ee       0xbe c:/program files (x86)/cypress/psoc creator/4.4/psoc creator/import/gnu/arm/5.4.1/bin/../lib/gcc/arm-none-eabi/5.4.1/../../../../arm-none-eabi/lib/armv7-m\libg_nano.a(lib_a-mprec.o)
                0x000032ee                __mdiff
 .text.__d2b    0x000033ac       0x9c c:/program files (x86)/cypress/psoc creator/4.4/psoc creator/import/gnu/arm/5.4.1/bin/../lib/gcc/arm-none-eabi/5.4.1/../../../../arm-none-eabi/lib/armv7-m\libg_nano.a(lib_a-mprec.o)
                0x000033ac                __d2b
 .text._calloc_r
                0x00003448       0x1c c:/program files (x86)/cypress/psoc creator/4.4/psoc creator/import/gnu/arm/5.4.1/bin/../lib/gcc/arm-none-eabi/5.4.1/../../../../arm-none-eabi/lib/armv7-m\libg_nano.a(lib_a-nano-callocr.o)
                0x00003448                _calloc_r
 .text._free_r  0x00003464       0x98 c:/program files (x86)/cypress/psoc creator/4.4/psoc creator/import/gnu/arm/5.4.1/bin/../lib/gcc/arm-none-eabi/5.4.1/../../../../arm-none-eabi/lib/armv7-m\libg_nano.a(lib_a-nano-freer.o)
                0x00003464                _free_r
 .text._malloc_r
                0x000034fc       0xbc c:/program files (x86)/cypress/psoc creator/4.4/psoc creator/import/gnu/arm/5.4.1/bin/../lib/gcc/arm-none-eabi/5.4.1/../../../../arm-none-eabi/lib/armv7-m\libg_nano.a(lib_a-nano-mallocr.o)
                0x000034fc                _malloc_r
 .text.__ssputs_r
                0x000035b8       0xb2 c:/program files (x86)/cypress/psoc creator/4.4/psoc creator/import/gnu/arm/5.4.1/bin/../lib/gcc/arm-none-eabi/5.4.1/../../../../arm-none-eabi/lib/armv7-m\libg_nano.a(lib_a-nano-svfprintf.o)
                0x000035b8                __ssputs_r
 *fill*         0x0000366a        0x2 
 .text._svfprintf_r
                0x0000366c      0x1e8 c:/program files (x86)/cypress/psoc creator/4.4/psoc creator/import/gnu/arm/5.4.1/bin/../lib/gcc/arm-none-eabi/5.4.1/../../../../arm-none-eabi/lib/armv7-m\libg_nano.a(lib_a-nano-svfprintf.o)
                0x0000366c                _svfiprintf_r
                0x0000366c                _svfprintf_r
 .text._sbrk_r  0x00003854       0x20 c:/program files (x86)/cypress/psoc creator/4.4/psoc creator/import/gnu/arm/5.4.1/bin/../lib/gcc/arm-none-eabi/5.4.1/../../../../arm-none-eabi/lib/armv7-m\libg_nano.a(lib_a-sbrkr.o)
                0x00003854                _sbrk_r
 .text.memmove  0x00003874       0x36 c:/program files (x86)/cypress/psoc creator/4.4/psoc creator/import/gnu/arm/5.4.1/bin/../lib/gcc/arm-none-eabi/5.4.1/../../../../arm-none-eabi/lib/armv7-m\libg_nano.a(lib_a-memmove.o)
                0x00003874                memmove
 .text.__malloc_lock
                0x000038aa        0x2 c:/program files (x86)/cypress/psoc creator/4.4/psoc creator/import/gnu/arm/5.4.1/bin/../lib/gcc/arm-none-eabi/5.4.1/../../../../arm-none-eabi/lib/armv7-m\libg_nano.a(lib_a-mlock.o)
                0x000038aa                __malloc_lock
 .text.__malloc_unlock
                0x000038ac        0x2 c:/program files (x86)/cypress/psoc creator/4.4/psoc creator/import/gnu/arm/5.4.1/bin/../lib/gcc/arm-none-eabi/5.4.1/../../../../arm-none-eabi/lib/armv7-m\libg_nano.a(lib_a-mlock.o)
                0x000038ac                __malloc_unlock
 .text._realloc_r
                0x000038ae       0x4c c:/program files (x86)/cypress/psoc creator/4.4/psoc creator/import/gnu/arm/5.4.1/bin/../lib/gcc/arm-none-eabi/5.4.1/../../../../arm-none-eabi/lib/armv7-m\libg_nano.a(lib_a-nano-reallocr.o)
                0x000038ae                _realloc_r
 .text._malloc_usable_size_r
                0x000038fa       0x14 c:/program files (x86)/cypress/psoc creator/4.4/psoc creator/import/gnu/arm/5.4.1/bin/../lib/gcc/arm-none-eabi/5.4.1/../../../../arm-none-eabi/lib/armv7-m\libg_nano.a(lib_a-nano-msizer.o)
                0x000038fa                _malloc_usable_size_r
 *fill*         0x0000390e        0x2 
 .text          0x00003910      0x110 c:/program files (x86)/cypress/psoc creator/4.4/psoc creator/import/gnu/arm/5.4.1/bin/../lib/gcc/arm-none-eabi/5.4.1/armv7-m\libgcc.a(_arm_cmpdf2.o)
                0x00003910                __gtdf2
                0x00003910                __gedf2
                0x00003918                __ltdf2
                0x00003918                __ledf2
                0x00003920                __nedf2
                0x00003920                __eqdf2
                0x00003920                __cmpdf2
                0x0000399c                __aeabi_cdrcmple
                0x000039ac                __aeabi_cdcmpeq
                0x000039ac                __aeabi_cdcmple
                0x000039bc                __aeabi_dcmpeq
                0x000039d0                __aeabi_dcmplt
                0x000039e4                __aeabi_dcmple
                0x000039f8                __aeabi_dcmpge
                0x00003a0c                __aeabi_dcmpgt
 .text          0x00003a20       0x2c c:/program files (x86)/cypress/psoc creator/4.4/psoc creator/import/gnu/arm/5.4.1/bin/../lib/gcc/arm-none-eabi/5.4.1/armv7-m\libgcc.a(_arm_unorddf2.o)
                0x00003a20                __unorddf2
                0x00003a20                __aeabi_dcmpun
 .text          0x00003a4c       0x50 c:/program files (x86)/cypress/psoc creator/4.4/psoc creator/import/gnu/arm/5.4.1/bin/../lib/gcc/arm-none-eabi/5.4.1/armv7-m\libgcc.a(_arm_fixdfsi.o)
                0x00003a4c                __aeabi_d2iz
                0x00003a4c                __fixdfsi
 *(.plt)
 *(.gnu.warning)
 *(.glue_7t)
 .glue_7t       0x00003a9c        0x0 linker stubs
 *(.glue_7)
 .glue_7        0x00003a9c        0x0 linker stubs
 *(.vfp11_veneer)
 .vfp11_veneer  0x00003a9c        0x0 linker stubs
 *(.bootloader)
 *(.ARM.extab* .gnu.linkonce.armextab.*)
 *(.gcc_except_table)

.v4_bx          0x00003a9c        0x0
 .v4_bx         0x00003a9c        0x0 linker stubs

.iplt           0x00003a9c        0x0
 .iplt          0x00003a9c        0x0 c:/program files (x86)/cypress/psoc creator/4.4/psoc creator/import/gnu/arm/5.4.1/bin/../lib/gcc/arm-none-eabi/5.4.1/armv7-m/crtbegin.o

.eh_frame_hdr
 *(.eh_frame_hdr)

.eh_frame       0x00003a9c        0x4
 *(.eh_frame)
 .eh_frame      0x00003a9c        0x0 c:/program files (x86)/cypress/psoc creator/4.4/psoc creator/import/gnu/arm/5.4.1/bin/../lib/gcc/arm-none-eabi/5.4.1/armv7-m/crtbegin.o
 .eh_frame      0x00003a9c        0x4 c:/program files (x86)/cypress/psoc creator/4.4/psoc creator/import/gnu/arm/5.4.1/bin/../lib/gcc/arm-none-eabi/5.4.1/armv7-m/crtend.o
                [!provide]                PROVIDE (__exidx_start, .)

.ARM.exidx
 *(.ARM.exidx* .gnu.linkonce.armexidx.*)
                0x00003aa0                __exidx_end = .

.rodata         0x00003aa0      0x1f8
 *(.rodata .rodata.* .gnu.linkonce.r.*)
 .rodata.str1.4
                0x00003aa0       0x2c .\CortexM3\ARM_GCC_541\Debug\main.o
 .rodata        0x00003acc       0x36 .\CortexM3\ARM_GCC_541\Debug\cyfitter_cfg.o
 .rodata.str1.1
                0x00003b02        0x2 c:/program files (x86)/cypress/psoc creator/4.4/psoc creator/import/gnu/arm/5.4.1/bin/../lib/gcc/arm-none-eabi/5.4.1/../../../../arm-none-eabi/lib/armv7-m\libg_nano.a(lib_a-impure.o)
 .rodata.str1.1
                0x00003b04       0x12 c:/program files (x86)/cypress/psoc creator/4.4/psoc creator/import/gnu/arm/5.4.1/bin/../lib/gcc/arm-none-eabi/5.4.1/../../../../arm-none-eabi/lib/armv7-m\libg_nano.a(lib_a-nano-vfprintf_float.o)
 .rodata.str1.1
                0x00003b16       0x22 c:/program files (x86)/cypress/psoc creator/4.4/psoc creator/import/gnu/arm/5.4.1/bin/../lib/gcc/arm-none-eabi/5.4.1/../../../../arm-none-eabi/lib/armv7-m\libg_nano.a(lib_a-nano-vfprintf_i.o)
 .rodata.str1.1
                0x00003b38        0xd c:/program files (x86)/cypress/psoc creator/4.4/psoc creator/import/gnu/arm/5.4.1/bin/../lib/gcc/arm-none-eabi/5.4.1/../../../../arm-none-eabi/lib/armv7-m\libg_nano.a(lib_a-dtoa.o)
                                  0xf (size before relaxing)
 .rodata.str1.1
                0x00003b45        0x8 c:/program files (x86)/cypress/psoc creator/4.4/psoc creator/import/gnu/arm/5.4.1/bin/../lib/gcc/arm-none-eabi/5.4.1/../../../../arm-none-eabi/lib/armv7-m\libg_nano.a(lib_a-locale.o)
                                  0xb (size before relaxing)
 *fill*         0x00003b4d        0x3 
 .rodata.__mprec_tens
                0x00003b50       0xc8 c:/program files (x86)/cypress/psoc creator/4.4/psoc creator/import/gnu/arm/5.4.1/bin/../lib/gcc/arm-none-eabi/5.4.1/../../../../arm-none-eabi/lib/armv7-m\libg_nano.a(lib_a-mprec.o)
                0x00003b50                __mprec_tens
 .rodata.p05.5408
                0x00003c18        0xc c:/program files (x86)/cypress/psoc creator/4.4/psoc creator/import/gnu/arm/5.4.1/bin/../lib/gcc/arm-none-eabi/5.4.1/../../../../arm-none-eabi/lib/armv7-m\libg_nano.a(lib_a-mprec.o)
 *fill*         0x00003c24        0x4 
 .rodata.__mprec_bigtens
                0x00003c28       0x28 c:/program files (x86)/cypress/psoc creator/4.4/psoc creator/import/gnu/arm/5.4.1/bin/../lib/gcc/arm-none-eabi/5.4.1/../../../../arm-none-eabi/lib/armv7-m\libg_nano.a(lib_a-mprec.o)
                0x00003c28                __mprec_bigtens
 .rodata.str1.1
                0x00003c50       0x11 c:/program files (x86)/cypress/psoc creator/4.4/psoc creator/import/gnu/arm/5.4.1/bin/../lib/gcc/arm-none-eabi/5.4.1/../../../../arm-none-eabi/lib/armv7-m\libg_nano.a(lib_a-nano-svfprintf.o)
                0x00003c64                . = ALIGN (0x4)
 *fill*         0x00003c61        0x3 
 *(.init)
 .init          0x00003c64        0x4 c:/program files (x86)/cypress/psoc creator/4.4/psoc creator/import/gnu/arm/5.4.1/bin/../lib/gcc/arm-none-eabi/5.4.1/armv7-m/crti.o
                0x00003c64                _init
 .init          0x00003c68        0x8 c:/program files (x86)/cypress/psoc creator/4.4/psoc creator/import/gnu/arm/5.4.1/bin/../lib/gcc/arm-none-eabi/5.4.1/armv7-m/crtn.o
                0x00003c70                . = ALIGN (0x4)
                0x00003c70                __preinit_array_start = .
 *(.preinit_array)
                0x00003c70                __preinit_array_end = .
                0x00003c70                . = ALIGN (0x4)
                0x00003c70                __init_array_start = .
 *(SORT(.init_array.*))
 *(.init_array)
 .init_array    0x00003c70        0x4 c:/program files (x86)/cypress/psoc creator/4.4/psoc creator/import/gnu/arm/5.4.1/bin/../lib/gcc/arm-none-eabi/5.4.1/armv7-m/crtbegin.o
 .init_array    0x00003c74        0x4 .\CortexM3\ARM_GCC_541\Debug\Cm3Start.o
                0x00003c78                __init_array_end = .
                0x00003c78                . = ALIGN (0x4)
 *(.fini)
 .fini          0x00003c78        0x4 c:/program files (x86)/cypress/psoc creator/4.4/psoc creator/import/gnu/arm/5.4.1/bin/../lib/gcc/arm-none-eabi/5.4.1/armv7-m/crti.o
                0x00003c78                _fini
 .fini          0x00003c7c        0x8 c:/program files (x86)/cypress/psoc creator/4.4/psoc creator/import/gnu/arm/5.4.1/bin/../lib/gcc/arm-none-eabi/5.4.1/armv7-m/crtn.o
                0x00003c84                . = ALIGN (0x4)
                0x00003c84                __fini_array_start = .
 *(.fini_array)
 .fini_array    0x00003c84        0x4 c:/program files (x86)/cypress/psoc creator/4.4/psoc creator/import/gnu/arm/5.4.1/bin/../lib/gcc/arm-none-eabi/5.4.1/armv7-m/crtbegin.o
 *(SORT(.fini_array.*))
                0x00003c88                __fini_array_end = .
                0x00003c88                . = ALIGN (0x4)
 *crtbegin.o(.ctors)
 *(EXCLUDE_FILE(*crtend.o) .ctors)
 *(SORT(.ctors.*))
 *crtend.o(.ctors)
                0x00003c88                . = ALIGN (0x4)
 *crtbegin.o(.dtors)
 *(EXCLUDE_FILE(*crtend.o) .dtors)
 *(SORT(.dtors.*))
 *crtend.o(.dtors)
                0x00003c88                . = ALIGN (0x4)
                0x00003c88                __cy_regions = .
                0x00003c88        0x4 LONG 0x3c98 __cy_region_init_ram
                0x00003c8c        0x4 LONG 0x1fff80c8 __cy_region_start_data
                0x00003c90        0x4 LONG 0xb8 __cy_region_init_size_ram
                0x00003c94        0x4 LONG 0x38 __cy_region_zero_size_ram
                0x00003c98                __cy_regions_end = .
                0x00003c98                . = ALIGN (0x8)
                0x00003c98                _etext = .

.cy_checksum_exclude
                0x00003c98        0x0
 *(.cy_checksum_exclude)

.ramvectors     0x1fff8000       0xc0
                0x1fff8000                __cy_region_start_ram = .
 *(.ramvectors)
 .ramvectors    0x1fff8000       0xc0 .\CortexM3\ARM_GCC_541\Debug\Cm3Start.o
                0x1fff8000                CyRamVectors

.noinit         0x1fff80c0        0x1
 *(.noinit)
 .noinit        0x1fff80c0        0x1 .\CortexM3\ARM_GCC_541\Debug\display_voltage.a(CyLib.o)
                0x1fff80c0                CyResetStatus

.data           0x1fff80c8       0xb8 load address 0x00003c98
                0x1fff80c8                __cy_region_start_data = .
 *(.jcr)
 .jcr           0x1fff80c8        0x0 c:/program files (x86)/cypress/psoc creator/4.4/psoc creator/import/gnu/arm/5.4.1/bin/../lib/gcc/arm-none-eabi/5.4.1/armv7-m/crtbegin.o
 .jcr           0x1fff80c8        0x4 c:/program files (x86)/cypress/psoc creator/4.4/psoc creator/import/gnu/arm/5.4.1/bin/../lib/gcc/arm-none-eabi/5.4.1/armv7-m/crtend.o
 *(.got.plt)
 *(.got)
 *(.shdata)
 *(.data .data.* .gnu.linkonce.d.*)
 .data          0x1fff80cc        0x4 .\CortexM3\ARM_GCC_541\Debug\Cm3Start.o
 .data          0x1fff80d0       0x10 .\CortexM3\ARM_GCC_541\Debug\display_voltage.a(CyLib.o)
                0x1fff80d0                cydelay_32k_ms
                0x1fff80d4                cydelay_freq_khz
                0x1fff80d8                cydelay_freq_mhz
                0x1fff80dc                cydelay_freq_hz
 .data.impure_data
                0x1fff80e0       0x60 c:/program files (x86)/cypress/psoc creator/4.4/psoc creator/import/gnu/arm/5.4.1/bin/../lib/gcc/arm-none-eabi/5.4.1/../../../../arm-none-eabi/lib/armv7-m\libg_nano.a(lib_a-impure.o)
 .data._impure_ptr
                0x1fff8140        0x4 c:/program files (x86)/cypress/psoc creator/4.4/psoc creator/import/gnu/arm/5.4.1/bin/../lib/gcc/arm-none-eabi/5.4.1/../../../../arm-none-eabi/lib/armv7-m\libg_nano.a(lib_a-impure.o)
                0x1fff8140                _impure_ptr
 .data.lconv    0x1fff8144       0x38 c:/program files (x86)/cypress/psoc creator/4.4/psoc creator/import/gnu/arm/5.4.1/bin/../lib/gcc/arm-none-eabi/5.4.1/../../../../arm-none-eabi/lib/armv7-m\libg_nano.a(lib_a-locale.o)
                0x1fff8180                . = ALIGN (0x8)
 *fill*         0x1fff817c        0x4 
 *(.ram)
                0x1fff8180                _edata = .

.igot.plt       0x1fff8180        0x0 load address 0x00003d50
 .igot.plt      0x1fff8180        0x0 c:/program files (x86)/cypress/psoc creator/4.4/psoc creator/import/gnu/arm/5.4.1/bin/../lib/gcc/arm-none-eabi/5.4.1/armv7-m/crtbegin.o

.bss            0x1fff8180       0x38 load address 0x00003d50
                0x1fff8180                PROVIDE (__bss_start__, .)
 *(.shbss)
 *(.bss .bss.* .gnu.linkonce.b.*)
 .bss           0x1fff8180       0x1c c:/program files (x86)/cypress/psoc creator/4.4/psoc creator/import/gnu/arm/5.4.1/bin/../lib/gcc/arm-none-eabi/5.4.1/armv7-m/crtbegin.o
 .bss           0x1fff819c        0x2 .\CortexM3\ARM_GCC_541\Debug\display_voltage.a(LCD.o)
                0x1fff819c                LCD_enableState
                0x1fff819d                LCD_initVar
 .bss           0x1fff819e        0x1 .\CortexM3\ARM_GCC_541\Debug\display_voltage.a(ADC_SAR.o)
                0x1fff819e                ADC_SAR_initVar
 *fill*         0x1fff819f        0x1 
 .bss.__malloc_sbrk_start
                0x1fff81a0        0x4 c:/program files (x86)/cypress/psoc creator/4.4/psoc creator/import/gnu/arm/5.4.1/bin/../lib/gcc/arm-none-eabi/5.4.1/../../../../arm-none-eabi/lib/armv7-m\libg_nano.a(lib_a-nano-mallocr.o)
                0x1fff81a0                __malloc_sbrk_start
 .bss.__malloc_free_list
                0x1fff81a4        0x4 c:/program files (x86)/cypress/psoc creator/4.4/psoc creator/import/gnu/arm/5.4.1/bin/../lib/gcc/arm-none-eabi/5.4.1/../../../../arm-none-eabi/lib/armv7-m\libg_nano.a(lib_a-nano-mallocr.o)
                0x1fff81a4                __malloc_free_list
 *(COMMON)
 COMMON         0x1fff81a8        0xa .\CortexM3\ARM_GCC_541\Debug\display_voltage.a(ADC_SAR.o)
                0x1fff81a8                ADC_SAR_countsPerVolt
                0x1fff81aa                ADC_SAR_shift
                0x1fff81ac                ADC_SAR_countsPer10Volt
                0x1fff81b0                ADC_SAR_offset
 *fill*         0x1fff81b2        0x2 
 COMMON         0x1fff81b4        0x4 c:/program files (x86)/cypress/psoc creator/4.4/psoc creator/import/gnu/arm/5.4.1/bin/../lib/gcc/arm-none-eabi/5.4.1/../../../../arm-none-eabi/lib/armv7-m\libg_nano.a(lib_a-reent.o)
                0x1fff81b4                errno
                0x1fff81b8                . = ALIGN (0x8)
 *(.ram.b)
                0x1fff81b8                _end = .
                0x1fff81b8                __end = .
                0x1fff81b8                PROVIDE (end, .)
                0x1fff81b8                PROVIDE (__bss_end__, .)
                0x00003c98                __cy_region_init_ram = LOADADDR (.data)
                0x000000b8                __cy_region_init_size_ram = (_edata - ADDR (.data))
                0x00000038                __cy_region_zero_size_ram = (_end - _edata)

.heap           0x1fff81b8      0x200 load address 0x00003d50
                0x1fff81b8                . = _end
                0x1fff83b8                . = (. + 0x200)
 *fill*         0x1fff81b8      0x200 
                0x1fff83b8                __cy_heap_limit = .

.stack          0x20007800      0x800
                0x20007800                __cy_stack_limit = .
                0x20008000                . = (. + 0x800)
 *fill*         0x20007800      0x800 
                0x00000001                ASSERT ((__cy_stack_limit >= __cy_heap_limit), region RAM overflowed with stack)
                0x00000000                cy_checksum_exclude_size = (CY_APPL_LOADABLE == 0x1)?SIZEOF (.cy_checksum_exclude):0x0
                0x00000001                ASSERT ((cy_checksum_exclude_size <= CY_CHECKSUM_EXCLUDE_SIZE), CY_BOOT: Section .cy_checksum_exclude size exceedes specified limit.)

.cyloadermeta
 *(.cyloadermeta)

.cyloadablemeta
 *(.cyloadablemeta)

.cyconfigecc    0x80000000      0x108
 *(.cyconfigecc)
 .cyconfigecc   0x80000000      0x108 .\CortexM3\ARM_GCC_541\Debug\cymetadata.o
                0x80000000                cy_meta_configecc

.cycustnvl      0x90000000        0x4
 *(.cycustnvl)
 .cycustnvl     0x90000000        0x4 .\CortexM3\ARM_GCC_541\Debug\cymetadata.o
                0x90000000                cy_meta_custnvl

.cywolatch      0x90100000        0x4
 *(.cywolatch)
 .cywolatch     0x90100000        0x4 .\CortexM3\ARM_GCC_541\Debug\cymetadata.o
                0x90100000                cy_meta_wonvl

.cyeeprom       0x90200000        0x0
 *(.cyeeprom)
                0x00000001                ASSERT ((. <= ((0x90200000 + ee_offset) + ee_size)), .cyeeprom data will not fit in EEPROM)

.cyflashprotect
                0x90400000      0x100
 *(.cyflashprotect)
 .cyflashprotect
                0x90400000      0x100 .\CortexM3\ARM_GCC_541\Debug\cymetadata.o
                0x90400000                cy_meta_flashprotect

.cymeta         0x90500000        0xc
 *(.cymeta)
 .cymeta        0x90500000        0xc .\CortexM3\ARM_GCC_541\Debug\cymetadata.o
                0x90500000                cy_metadata

.rel.dyn        0x00003d50        0x0 load address 0x9050000c
 .rel.iplt      0x00003d50        0x0 c:/program files (x86)/cypress/psoc creator/4.4/psoc creator/import/gnu/arm/5.4.1/bin/../lib/gcc/arm-none-eabi/5.4.1/armv7-m/crtbegin.o

.stab
 *(.stab)

.stabstr
 *(.stabstr)

.debug
 *(.debug)

.line
 *(.line)

.debug_srcinfo
 *(.debug_srcinfo)

.debug_sfnames
 *(.debug_sfnames)

.debug_aranges  0x00000000      0x7e8
 *(.debug_aranges)
 .debug_aranges
                0x00000000       0x20 .\CortexM3\ARM_GCC_541\Debug\main.o
 .debug_aranges
                0x00000020       0x58 .\CortexM3\ARM_GCC_541\Debug\cyfitter_cfg.o
 .debug_aranges
                0x00000078       0x18 .\CortexM3\ARM_GCC_541\Debug\cymetadata.o
 .debug_aranges
                0x00000090       0x48 .\CortexM3\ARM_GCC_541\Debug\Cm3Start.o
 .debug_aranges
                0x000000d8       0x98 .\CortexM3\ARM_GCC_541\Debug\display_voltage.a(LCD.o)
 .debug_aranges
                0x00000170      0x2a0 .\CortexM3\ARM_GCC_541\Debug\display_voltage.a(CyLib.o)
 .debug_aranges
                0x00000410       0x98 .\CortexM3\ARM_GCC_541\Debug\display_voltage.a(cyPm.o)
 .debug_aranges
                0x000004a8       0xa8 .\CortexM3\ARM_GCC_541\Debug\display_voltage.a(ADC_SAR.o)
 .debug_aranges
                0x00000550       0x20 .\CortexM3\ARM_GCC_541\Debug\display_voltage.a(ADC_SAR_INT.o)
 .debug_aranges
                0x00000570       0x80 .\CortexM3\ARM_GCC_541\Debug\display_voltage.a(ADC_SAR_theACLK.o)
 .debug_aranges
                0x000005f0       0x38 .\CortexM3\ARM_GCC_541\Debug\display_voltage.a(LED.o)
 .debug_aranges
                0x00000628       0x98 .\CortexM3\ARM_GCC_541\Debug\display_voltage.a(PWM.o)
 .debug_aranges
                0x000006c0       0x20 .\CortexM3\ARM_GCC_541\Debug\display_voltage.a(CyBootAsmGnu.o)
 .debug_aranges
                0x000006e0       0x88 .\CortexM3\ARM_GCC_541\Debug\display_voltage.a(CyFlash.o)
 .debug_aranges
                0x00000768       0x80 .\CortexM3\ARM_GCC_541\Debug\display_voltage.a(CySpc.o)

.debug_pubnames
 *(.debug_pubnames)

.debug_info     0x00000000     0x4b82
 *(.debug_info .gnu.linkonce.wi.*)
 .debug_info    0x00000000      0x317 .\CortexM3\ARM_GCC_541\Debug\main.o
 .debug_info    0x00000317      0x528 .\CortexM3\ARM_GCC_541\Debug\cyfitter_cfg.o
 .debug_info    0x0000083f      0x135 .\CortexM3\ARM_GCC_541\Debug\cymetadata.o
 .debug_info    0x00000974      0x3bb .\CortexM3\ARM_GCC_541\Debug\Cm3Start.o
 .debug_info    0x00000d2f      0x715 .\CortexM3\ARM_GCC_541\Debug\display_voltage.a(LCD.o)
 .debug_info    0x00001444     0x1374 .\CortexM3\ARM_GCC_541\Debug\display_voltage.a(CyLib.o)
 .debug_info    0x000027b8      0xa2a .\CortexM3\ARM_GCC_541\Debug\display_voltage.a(cyPm.o)
 .debug_info    0x000031e2      0x5c0 .\CortexM3\ARM_GCC_541\Debug\display_voltage.a(ADC_SAR.o)
 .debug_info    0x000037a2       0x92 .\CortexM3\ARM_GCC_541\Debug\display_voltage.a(ADC_SAR_INT.o)
 .debug_info    0x00003834      0x2c4 .\CortexM3\ARM_GCC_541\Debug\display_voltage.a(ADC_SAR_theACLK.o)
 .debug_info    0x00003af8      0x11f .\CortexM3\ARM_GCC_541\Debug\display_voltage.a(LED.o)
 .debug_info    0x00003c17      0x334 .\CortexM3\ARM_GCC_541\Debug\display_voltage.a(PWM.o)
 .debug_info    0x00003f4b       0x9a .\CortexM3\ARM_GCC_541\Debug\display_voltage.a(CyBootAsmGnu.o)
 .debug_info    0x00003fe5      0x64d .\CortexM3\ARM_GCC_541\Debug\display_voltage.a(CyFlash.o)
 .debug_info    0x00004632      0x550 .\CortexM3\ARM_GCC_541\Debug\display_voltage.a(CySpc.o)

.debug_abbrev   0x00000000     0x12ae
 *(.debug_abbrev)
 .debug_abbrev  0x00000000       0xeb .\CortexM3\ARM_GCC_541\Debug\main.o
 .debug_abbrev  0x000000eb      0x1fe .\CortexM3\ARM_GCC_541\Debug\cyfitter_cfg.o
 .debug_abbrev  0x000002e9       0x66 .\CortexM3\ARM_GCC_541\Debug\cymetadata.o
 .debug_abbrev  0x0000034f      0x1e8 .\CortexM3\ARM_GCC_541\Debug\Cm3Start.o
 .debug_abbrev  0x00000537      0x157 .\CortexM3\ARM_GCC_541\Debug\display_voltage.a(LCD.o)
 .debug_abbrev  0x0000068e      0x254 .\CortexM3\ARM_GCC_541\Debug\display_voltage.a(CyLib.o)
 .debug_abbrev  0x000008e2      0x1ab .\CortexM3\ARM_GCC_541\Debug\display_voltage.a(cyPm.o)
 .debug_abbrev  0x00000a8d      0x1ac .\CortexM3\ARM_GCC_541\Debug\display_voltage.a(ADC_SAR.o)
 .debug_abbrev  0x00000c39       0x42 .\CortexM3\ARM_GCC_541\Debug\display_voltage.a(ADC_SAR_INT.o)
 .debug_abbrev  0x00000c7b      0x121 .\CortexM3\ARM_GCC_541\Debug\display_voltage.a(ADC_SAR_theACLK.o)
 .debug_abbrev  0x00000d9c       0x90 .\CortexM3\ARM_GCC_541\Debug\display_voltage.a(LED.o)
 .debug_abbrev  0x00000e2c      0x133 .\CortexM3\ARM_GCC_541\Debug\display_voltage.a(PWM.o)
 .debug_abbrev  0x00000f5f       0x14 .\CortexM3\ARM_GCC_541\Debug\display_voltage.a(CyBootAsmGnu.o)
 .debug_abbrev  0x00000f73      0x1a7 .\CortexM3\ARM_GCC_541\Debug\display_voltage.a(CyFlash.o)
 .debug_abbrev  0x0000111a      0x194 .\CortexM3\ARM_GCC_541\Debug\display_voltage.a(CySpc.o)

.debug_line     0x00000000     0x1fd8
 *(.debug_line)
 .debug_line    0x00000000      0x221 .\CortexM3\ARM_GCC_541\Debug\main.o
 .debug_line    0x00000221      0x1e5 .\CortexM3\ARM_GCC_541\Debug\cyfitter_cfg.o
 .debug_line    0x00000406      0x141 .\CortexM3\ARM_GCC_541\Debug\cymetadata.o
 .debug_line    0x00000547      0x234 .\CortexM3\ARM_GCC_541\Debug\Cm3Start.o
 .debug_line    0x0000077b      0x1dc .\CortexM3\ARM_GCC_541\Debug\display_voltage.a(LCD.o)
 .debug_line    0x00000957      0x816 .\CortexM3\ARM_GCC_541\Debug\display_voltage.a(CyLib.o)
 .debug_line    0x0000116d      0x367 .\CortexM3\ARM_GCC_541\Debug\display_voltage.a(cyPm.o)
 .debug_line    0x000014d4      0x21c .\CortexM3\ARM_GCC_541\Debug\display_voltage.a(ADC_SAR.o)
 .debug_line    0x000016f0       0x54 .\CortexM3\ARM_GCC_541\Debug\display_voltage.a(ADC_SAR_INT.o)
 .debug_line    0x00001744      0x1a1 .\CortexM3\ARM_GCC_541\Debug\display_voltage.a(ADC_SAR_theACLK.o)
 .debug_line    0x000018e5       0x90 .\CortexM3\ARM_GCC_541\Debug\display_voltage.a(LED.o)
 .debug_line    0x00001975      0x183 .\CortexM3\ARM_GCC_541\Debug\display_voltage.a(PWM.o)
 .debug_line    0x00001af8       0x66 .\CortexM3\ARM_GCC_541\Debug\display_voltage.a(CyBootAsmGnu.o)
 .debug_line    0x00001b5e      0x21a .\CortexM3\ARM_GCC_541\Debug\display_voltage.a(CyFlash.o)
 .debug_line    0x00001d78      0x260 .\CortexM3\ARM_GCC_541\Debug\display_voltage.a(CySpc.o)

.debug_frame    0x00000000     0x1d00
 *(.debug_frame)
 .debug_frame   0x00000000       0x2c .\CortexM3\ARM_GCC_541\Debug\main.o
 .debug_frame   0x0000002c       0xfc .\CortexM3\ARM_GCC_541\Debug\cyfitter_cfg.o
 .debug_frame   0x00000128       0xb8 .\CortexM3\ARM_GCC_541\Debug\Cm3Start.o
 .debug_frame   0x000001e0      0x1e8 .\CortexM3\ARM_GCC_541\Debug\display_voltage.a(LCD.o)
 .debug_frame   0x000003c8      0x738 .\CortexM3\ARM_GCC_541\Debug\display_voltage.a(CyLib.o)
 .debug_frame   0x00000b00      0x1f8 .\CortexM3\ARM_GCC_541\Debug\display_voltage.a(cyPm.o)
 .debug_frame   0x00000cf8      0x1b0 .\CortexM3\ARM_GCC_541\Debug\display_voltage.a(ADC_SAR.o)
 .debug_frame   0x00000ea8       0x20 .\CortexM3\ARM_GCC_541\Debug\display_voltage.a(ADC_SAR_INT.o)
 .debug_frame   0x00000ec8      0x100 .\CortexM3\ARM_GCC_541\Debug\display_voltage.a(ADC_SAR_theACLK.o)
 .debug_frame   0x00000fc8       0x50 .\CortexM3\ARM_GCC_541\Debug\display_voltage.a(LED.o)
 .debug_frame   0x00001018      0x134 .\CortexM3\ARM_GCC_541\Debug\display_voltage.a(PWM.o)
 .debug_frame   0x0000114c      0x194 .\CortexM3\ARM_GCC_541\Debug\display_voltage.a(CyFlash.o)
 .debug_frame   0x000012e0      0x180 .\CortexM3\ARM_GCC_541\Debug\display_voltage.a(CySpc.o)
 .debug_frame   0x00001460       0x44 c:/program files (x86)/cypress/psoc creator/4.4/psoc creator/import/gnu/arm/5.4.1/bin/../lib/gcc/arm-none-eabi/5.4.1/armv7-m\libgcc.a(_aeabi_ldivmod.o)
 .debug_frame   0x000014a4       0x38 c:/program files (x86)/cypress/psoc creator/4.4/psoc creator/import/gnu/arm/5.4.1/bin/../lib/gcc/arm-none-eabi/5.4.1/armv7-m\libgcc.a(_udivmoddi4.o)
 .debug_frame   0x000014dc       0x20 c:/program files (x86)/cypress/psoc creator/4.4/psoc creator/import/gnu/arm/5.4.1/bin/../lib/gcc/arm-none-eabi/5.4.1/../../../../arm-none-eabi/lib/armv7-m\libg_nano.a(lib_a-errno.o)
 .debug_frame   0x000014fc       0x28 c:/program files (x86)/cypress/psoc creator/4.4/psoc creator/import/gnu/arm/5.4.1/bin/../lib/gcc/arm-none-eabi/5.4.1/../../../../arm-none-eabi/lib/armv7-m\libg_nano.a(lib_a-exit.o)
 .debug_frame   0x00001524       0x2c c:/program files (x86)/cypress/psoc creator/4.4/psoc creator/import/gnu/arm/5.4.1/bin/../lib/gcc/arm-none-eabi/5.4.1/../../../../arm-none-eabi/lib/armv7-m\libg_nano.a(lib_a-init.o)
 .debug_frame   0x00001550       0x28 c:/program files (x86)/cypress/psoc creator/4.4/psoc creator/import/gnu/arm/5.4.1/bin/../lib/gcc/arm-none-eabi/5.4.1/../../../../arm-none-eabi/lib/armv7-m\libg_nano.a(lib_a-memcpy-stub.o)
 .debug_frame   0x00001578       0x20 c:/program files (x86)/cypress/psoc creator/4.4/psoc creator/import/gnu/arm/5.4.1/bin/../lib/gcc/arm-none-eabi/5.4.1/../../../../arm-none-eabi/lib/armv7-m\libg_nano.a(lib_a-memset.o)
 .debug_frame   0x00001598       0x8c c:/program files (x86)/cypress/psoc creator/4.4/psoc creator/import/gnu/arm/5.4.1/bin/../lib/gcc/arm-none-eabi/5.4.1/../../../../arm-none-eabi/lib/armv7-m\libg_nano.a(lib_a-nano-vfprintf_float.o)
 .debug_frame   0x00001624       0x60 c:/program files (x86)/cypress/psoc creator/4.4/psoc creator/import/gnu/arm/5.4.1/bin/../lib/gcc/arm-none-eabi/5.4.1/../../../../arm-none-eabi/lib/armv7-m\libg_nano.a(lib_a-nano-vfprintf_i.o)
 .debug_frame   0x00001684       0x70 c:/program files (x86)/cypress/psoc creator/4.4/psoc creator/import/gnu/arm/5.4.1/bin/../lib/gcc/arm-none-eabi/5.4.1/../../../../arm-none-eabi/lib/armv7-m\libg_nano.a(lib_a-sprintf.o)
 .debug_frame   0x000016f4       0x6c c:/program files (x86)/cypress/psoc creator/4.4/psoc creator/import/gnu/arm/5.4.1/bin/../lib/gcc/arm-none-eabi/5.4.1/../../../../arm-none-eabi/lib/armv7-m\libg_nano.a(lib_a-dtoa.o)
 .debug_frame   0x00001760       0x98 c:/program files (x86)/cypress/psoc creator/4.4/psoc creator/import/gnu/arm/5.4.1/bin/../lib/gcc/arm-none-eabi/5.4.1/../../../../arm-none-eabi/lib/armv7-m\libg_nano.a(lib_a-locale.o)
 .debug_frame   0x000017f8       0x30 c:/program files (x86)/cypress/psoc creator/4.4/psoc creator/import/gnu/arm/5.4.1/bin/../lib/gcc/arm-none-eabi/5.4.1/../../../../arm-none-eabi/lib/armv7-m\libg_nano.a(lib_a-malloc.o)
 .debug_frame   0x00001828       0x28 c:/program files (x86)/cypress/psoc creator/4.4/psoc creator/import/gnu/arm/5.4.1/bin/../lib/gcc/arm-none-eabi/5.4.1/../../../../arm-none-eabi/lib/armv7-m\libg_nano.a(lib_a-memchr-stub.o)
 .debug_frame   0x00001850      0x234 c:/program files (x86)/cypress/psoc creator/4.4/psoc creator/import/gnu/arm/5.4.1/bin/../lib/gcc/arm-none-eabi/5.4.1/../../../../arm-none-eabi/lib/armv7-m\libg_nano.a(lib_a-mprec.o)
 .debug_frame   0x00001a84       0x2c c:/program files (x86)/cypress/psoc creator/4.4/psoc creator/import/gnu/arm/5.4.1/bin/../lib/gcc/arm-none-eabi/5.4.1/../../../../arm-none-eabi/lib/armv7-m\libg_nano.a(lib_a-nano-callocr.o)
 .debug_frame   0x00001ab0       0x38 c:/program files (x86)/cypress/psoc creator/4.4/psoc creator/import/gnu/arm/5.4.1/bin/../lib/gcc/arm-none-eabi/5.4.1/../../../../arm-none-eabi/lib/armv7-m\libg_nano.a(lib_a-nano-freer.o)
 .debug_frame   0x00001ae8       0x2c c:/program files (x86)/cypress/psoc creator/4.4/psoc creator/import/gnu/arm/5.4.1/bin/../lib/gcc/arm-none-eabi/5.4.1/../../../../arm-none-eabi/lib/armv7-m\libg_nano.a(lib_a-nano-mallocr.o)
 .debug_frame   0x00001b14       0x90 c:/program files (x86)/cypress/psoc creator/4.4/psoc creator/import/gnu/arm/5.4.1/bin/../lib/gcc/arm-none-eabi/5.4.1/../../../../arm-none-eabi/lib/armv7-m\libg_nano.a(lib_a-nano-svfprintf.o)
 .debug_frame   0x00001ba4       0x2c c:/program files (x86)/cypress/psoc creator/4.4/psoc creator/import/gnu/arm/5.4.1/bin/../lib/gcc/arm-none-eabi/5.4.1/../../../../arm-none-eabi/lib/armv7-m\libg_nano.a(lib_a-sbrkr.o)
 .debug_frame   0x00001bd0       0x20 c:/program files (x86)/cypress/psoc creator/4.4/psoc creator/import/gnu/arm/5.4.1/bin/../lib/gcc/arm-none-eabi/5.4.1/../../../../arm-none-eabi/lib/armv7-m\libg_nano.a(lib_a-strcmp.o)
 .debug_frame   0x00001bf0       0x28 c:/program files (x86)/cypress/psoc creator/4.4/psoc creator/import/gnu/arm/5.4.1/bin/../lib/gcc/arm-none-eabi/5.4.1/../../../../arm-none-eabi/lib/armv7-m\libg_nano.a(lib_a-memmove.o)
 .debug_frame   0x00001c18       0x30 c:/program files (x86)/cypress/psoc creator/4.4/psoc creator/import/gnu/arm/5.4.1/bin/../lib/gcc/arm-none-eabi/5.4.1/../../../../arm-none-eabi/lib/armv7-m\libg_nano.a(lib_a-mlock.o)
 .debug_frame   0x00001c48       0x3c c:/program files (x86)/cypress/psoc creator/4.4/psoc creator/import/gnu/arm/5.4.1/bin/../lib/gcc/arm-none-eabi/5.4.1/../../../../arm-none-eabi/lib/armv7-m\libg_nano.a(lib_a-nano-reallocr.o)
 .debug_frame   0x00001c84       0x5c c:/program files (x86)/cypress/psoc creator/4.4/psoc creator/import/gnu/arm/5.4.1/bin/../lib/gcc/arm-none-eabi/5.4.1/../../../../arm-none-eabi/lib/armv7-m\libg_nano.a(lib_a-reent.o)
 .debug_frame   0x00001ce0       0x20 c:/program files (x86)/cypress/psoc creator/4.4/psoc creator/import/gnu/arm/5.4.1/bin/../lib/gcc/arm-none-eabi/5.4.1/../../../../arm-none-eabi/lib/armv7-m\libg_nano.a(lib_a-nano-msizer.o)

.debug_str      0x00000000     0x1a92
 *(.debug_str)
 .debug_str     0x00000000      0x24a .\CortexM3\ARM_GCC_541\Debug\main.o
                                0x298 (size before relaxing)
 .debug_str     0x0000024a      0x184 .\CortexM3\ARM_GCC_541\Debug\cyfitter_cfg.o
                                0x323 (size before relaxing)
 .debug_str     0x000003ce       0x7f .\CortexM3\ARM_GCC_541\Debug\cymetadata.o
                                0x1ee (size before relaxing)
 .debug_str     0x0000044d      0x144 .\CortexM3\ARM_GCC_541\Debug\Cm3Start.o
                                0x314 (size before relaxing)
 .debug_str     0x00000591      0x139 .\CortexM3\ARM_GCC_541\Debug\display_voltage.a(LCD.o)
                                0x335 (size before relaxing)
 .debug_str     0x000006ca      0x824 .\CortexM3\ARM_GCC_541\Debug\display_voltage.a(CyLib.o)
                                0xa51 (size before relaxing)
 .debug_str     0x00000eee      0x365 .\CortexM3\ARM_GCC_541\Debug\display_voltage.a(cyPm.o)
                                0x73d (size before relaxing)
 .debug_str     0x00001253      0x201 .\CortexM3\ARM_GCC_541\Debug\display_voltage.a(ADC_SAR.o)
                                0x495 (size before relaxing)
 .debug_str     0x00001454       0x31 .\CortexM3\ARM_GCC_541\Debug\display_voltage.a(ADC_SAR_INT.o)
                                0x1a1 (size before relaxing)
 .debug_str     0x00001485      0x1ed .\CortexM3\ARM_GCC_541\Debug\display_voltage.a(ADC_SAR_theACLK.o)
                                0x3a3 (size before relaxing)
 .debug_str     0x00001672       0x52 .\CortexM3\ARM_GCC_541\Debug\display_voltage.a(LED.o)
                                0x1e2 (size before relaxing)
 .debug_str     0x000016c4      0x167 .\CortexM3\ARM_GCC_541\Debug\display_voltage.a(PWM.o)
                                0x335 (size before relaxing)
 .debug_str     0x0000182b      0x1bb .\CortexM3\ARM_GCC_541\Debug\display_voltage.a(CyFlash.o)
                                0x3ca (size before relaxing)
 .debug_str     0x000019e6       0xac .\CortexM3\ARM_GCC_541\Debug\display_voltage.a(CySpc.o)
                                0x342 (size before relaxing)

.debug_loc      0x00000000     0x2241
 *(.debug_loc)
 .debug_loc     0x00000000       0x44 .\CortexM3\ARM_GCC_541\Debug\main.o
 .debug_loc     0x00000044      0x1fd .\CortexM3\ARM_GCC_541\Debug\cyfitter_cfg.o
 .debug_loc     0x00000241      0x144 .\CortexM3\ARM_GCC_541\Debug\Cm3Start.o
 .debug_loc     0x00000385      0x3c6 .\CortexM3\ARM_GCC_541\Debug\display_voltage.a(LCD.o)
 .debug_loc     0x0000074b      0xa11 .\CortexM3\ARM_GCC_541\Debug\display_voltage.a(CyLib.o)
 .debug_loc     0x0000115c      0x1e4 .\CortexM3\ARM_GCC_541\Debug\display_voltage.a(cyPm.o)
 .debug_loc     0x00001340      0x295 .\CortexM3\ARM_GCC_541\Debug\display_voltage.a(ADC_SAR.o)
 .debug_loc     0x000015d5      0x14d .\CortexM3\ARM_GCC_541\Debug\display_voltage.a(ADC_SAR_theACLK.o)
 .debug_loc     0x00001722       0x42 .\CortexM3\ARM_GCC_541\Debug\display_voltage.a(LED.o)
 .debug_loc     0x00001764       0x26 .\CortexM3\ARM_GCC_541\Debug\display_voltage.a(PWM.o)
 .debug_loc     0x0000178a      0x3b2 .\CortexM3\ARM_GCC_541\Debug\display_voltage.a(CyFlash.o)
 .debug_loc     0x00001b3c      0x705 .\CortexM3\ARM_GCC_541\Debug\display_voltage.a(CySpc.o)

.debug_macinfo
 *(.debug_macinfo)

.debug_ranges   0x00000000      0x6e0
 *(.debug_ranges)
 .debug_ranges  0x00000000       0x10 .\CortexM3\ARM_GCC_541\Debug\main.o
 .debug_ranges  0x00000010       0x48 .\CortexM3\ARM_GCC_541\Debug\cyfitter_cfg.o
 .debug_ranges  0x00000058       0x38 .\CortexM3\ARM_GCC_541\Debug\Cm3Start.o
 .debug_ranges  0x00000090       0x88 .\CortexM3\ARM_GCC_541\Debug\display_voltage.a(LCD.o)
 .debug_ranges  0x00000118      0x290 .\CortexM3\ARM_GCC_541\Debug\display_voltage.a(CyLib.o)
 .debug_ranges  0x000003a8       0x88 .\CortexM3\ARM_GCC_541\Debug\display_voltage.a(cyPm.o)
 .debug_ranges  0x00000430       0x98 .\CortexM3\ARM_GCC_541\Debug\display_voltage.a(ADC_SAR.o)
 .debug_ranges  0x000004c8       0x10 .\CortexM3\ARM_GCC_541\Debug\display_voltage.a(ADC_SAR_INT.o)
 .debug_ranges  0x000004d8       0x70 .\CortexM3\ARM_GCC_541\Debug\display_voltage.a(ADC_SAR_theACLK.o)
 .debug_ranges  0x00000548       0x28 .\CortexM3\ARM_GCC_541\Debug\display_voltage.a(LED.o)
 .debug_ranges  0x00000570       0x88 .\CortexM3\ARM_GCC_541\Debug\display_voltage.a(PWM.o)
 .debug_ranges  0x000005f8       0x78 .\CortexM3\ARM_GCC_541\Debug\display_voltage.a(CyFlash.o)
 .debug_ranges  0x00000670       0x70 .\CortexM3\ARM_GCC_541\Debug\display_voltage.a(CySpc.o)

.comment        0x00000000       0x6e
 .comment       0x00000000       0x6e .\CortexM3\ARM_GCC_541\Debug\main.o
                                 0x6f (size before relaxing)
 .comment       0x0000006e       0x6f .\CortexM3\ARM_GCC_541\Debug\cyfitter_cfg.o
 .comment       0x0000006e       0x6f .\CortexM3\ARM_GCC_541\Debug\cymetadata.o
 .comment       0x0000006e       0x6f .\CortexM3\ARM_GCC_541\Debug\Cm3Start.o
 .comment       0x0000006e       0x6f .\CortexM3\ARM_GCC_541\Debug\display_voltage.a(LCD.o)
 .comment       0x0000006e       0x6f .\CortexM3\ARM_GCC_541\Debug\display_voltage.a(CyLib.o)
 .comment       0x0000006e       0x6f .\CortexM3\ARM_GCC_541\Debug\display_voltage.a(cyPm.o)
 .comment       0x0000006e       0x6f .\CortexM3\ARM_GCC_541\Debug\display_voltage.a(ADC_SAR.o)
 .comment       0x0000006e       0x6f .\CortexM3\ARM_GCC_541\Debug\display_voltage.a(ADC_SAR_INT.o)
 .comment       0x0000006e       0x6f .\CortexM3\ARM_GCC_541\Debug\display_voltage.a(ADC_SAR_theACLK.o)
 .comment       0x0000006e       0x6f .\CortexM3\ARM_GCC_541\Debug\display_voltage.a(LED.o)
 .comment       0x0000006e       0x6f .\CortexM3\ARM_GCC_541\Debug\display_voltage.a(PWM.o)
 .comment       0x0000006e       0x6f .\CortexM3\ARM_GCC_541\Debug\display_voltage.a(CyFlash.o)
 .comment       0x0000006e       0x6f .\CortexM3\ARM_GCC_541\Debug\display_voltage.a(CySpc.o)

.debug_weaknames
 *(.debug_weaknames)

.debug_funcnames
 *(.debug_funcnames)

.debug_typenames
 *(.debug_typenames)

.debug_varnames
 *(.debug_varnames)

.note.gnu.arm.ident
 *(.note.gnu.arm.ident)

.ARM.attributes
                0x00000000       0x29
 *(.ARM.attributes)
 .ARM.attributes
                0x00000000       0x1d c:/program files (x86)/cypress/psoc creator/4.4/psoc creator/import/gnu/arm/5.4.1/bin/../lib/gcc/arm-none-eabi/5.4.1/armv7-m/crti.o
 .ARM.attributes
                0x0000001d       0x2d c:/program files (x86)/cypress/psoc creator/4.4/psoc creator/import/gnu/arm/5.4.1/bin/../lib/gcc/arm-none-eabi/5.4.1/armv7-m/crtbegin.o
 .ARM.attributes
                0x0000004a       0x1b c:/program files (x86)/cypress/psoc creator/4.4/psoc creator/import/gnu/arm/5.4.1/bin/../lib/gcc/arm-none-eabi/5.4.1/../../../../arm-none-eabi/lib/armv7-m/crt0.o
 .ARM.attributes
                0x00000065       0x33 .\CortexM3\ARM_GCC_541\Debug\main.o
 .ARM.attributes
                0x00000098       0x33 .\CortexM3\ARM_GCC_541\Debug\cyfitter_cfg.o
 .ARM.attributes
                0x000000cb       0x33 .\CortexM3\ARM_GCC_541\Debug\cymetadata.o
 .ARM.attributes
                0x000000fe       0x33 .\CortexM3\ARM_GCC_541\Debug\Cm3Start.o
 .ARM.attributes
                0x00000131       0x33 .\CortexM3\ARM_GCC_541\Debug\display_voltage.a(LCD.o)
 .ARM.attributes
                0x00000164       0x33 .\CortexM3\ARM_GCC_541\Debug\display_voltage.a(CyLib.o)
 .ARM.attributes
                0x00000197       0x33 .\CortexM3\ARM_GCC_541\Debug\display_voltage.a(cyPm.o)
 .ARM.attributes
                0x000001ca       0x33 .\CortexM3\ARM_GCC_541\Debug\display_voltage.a(ADC_SAR.o)
 .ARM.attributes
                0x000001fd       0x33 .\CortexM3\ARM_GCC_541\Debug\display_voltage.a(ADC_SAR_INT.o)
 .ARM.attributes
                0x00000230       0x33 .\CortexM3\ARM_GCC_541\Debug\display_voltage.a(ADC_SAR_theACLK.o)
 .ARM.attributes
                0x00000263       0x33 .\CortexM3\ARM_GCC_541\Debug\display_voltage.a(LED.o)
 .ARM.attributes
                0x00000296       0x33 .\CortexM3\ARM_GCC_541\Debug\display_voltage.a(PWM.o)
 .ARM.attributes
                0x000002c9       0x21 .\CortexM3\ARM_GCC_541\Debug\display_voltage.a(CyBootAsmGnu.o)
 .ARM.attributes
                0x000002ea       0x33 .\CortexM3\ARM_GCC_541\Debug\display_voltage.a(CyFlash.o)
 .ARM.attributes
                0x0000031d       0x33 .\CortexM3\ARM_GCC_541\Debug\display_voltage.a(CySpc.o)
 .ARM.attributes
                0x00000350       0x1d c:/program files (x86)/cypress/psoc creator/4.4/psoc creator/import/gnu/arm/5.4.1/bin/../lib/gcc/arm-none-eabi/5.4.1/armv7-m\libgcc.a(_arm_addsubdf3.o)
 .ARM.attributes
                0x0000036d       0x1d c:/program files (x86)/cypress/psoc creator/4.4/psoc creator/import/gnu/arm/5.4.1/bin/../lib/gcc/arm-none-eabi/5.4.1/armv7-m\libgcc.a(_arm_muldivdf3.o)
 .ARM.attributes
                0x0000038a       0x1d c:/program files (x86)/cypress/psoc creator/4.4/psoc creator/import/gnu/arm/5.4.1/bin/../lib/gcc/arm-none-eabi/5.4.1/armv7-m\libgcc.a(_arm_fixunsdfsi.o)
 .ARM.attributes
                0x000003a7       0x1d c:/program files (x86)/cypress/psoc creator/4.4/psoc creator/import/gnu/arm/5.4.1/bin/../lib/gcc/arm-none-eabi/5.4.1/armv7-m\libgcc.a(_arm_truncdfsf2.o)
 .ARM.attributes
                0x000003c4       0x1d c:/program files (x86)/cypress/psoc creator/4.4/psoc creator/import/gnu/arm/5.4.1/bin/../lib/gcc/arm-none-eabi/5.4.1/armv7-m\libgcc.a(_arm_addsubsf3.o)
 .ARM.attributes
                0x000003e1       0x1d c:/program files (x86)/cypress/psoc creator/4.4/psoc creator/import/gnu/arm/5.4.1/bin/../lib/gcc/arm-none-eabi/5.4.1/armv7-m\libgcc.a(_arm_muldivsf3.o)
 .ARM.attributes
                0x000003fe       0x1d c:/program files (x86)/cypress/psoc creator/4.4/psoc creator/import/gnu/arm/5.4.1/bin/../lib/gcc/arm-none-eabi/5.4.1/armv7-m\libgcc.a(_arm_cmpsf2.o)
 .ARM.attributes
                0x0000041b       0x1d c:/program files (x86)/cypress/psoc creator/4.4/psoc creator/import/gnu/arm/5.4.1/bin/../lib/gcc/arm-none-eabi/5.4.1/armv7-m\libgcc.a(_aeabi_ldivmod.o)
 .ARM.attributes
                0x00000438       0x2d c:/program files (x86)/cypress/psoc creator/4.4/psoc creator/import/gnu/arm/5.4.1/bin/../lib/gcc/arm-none-eabi/5.4.1/armv7-m\libgcc.a(_udivmoddi4.o)
 .ARM.attributes
                0x00000465       0x1d c:/program files (x86)/cypress/psoc creator/4.4/psoc creator/import/gnu/arm/5.4.1/bin/../lib/gcc/arm-none-eabi/5.4.1/armv7-m\libgcc.a(_dvmd_tls.o)
 .ARM.attributes
                0x00000482       0x2d c:/program files (x86)/cypress/psoc creator/4.4/psoc creator/import/gnu/arm/5.4.1/bin/../lib/gcc/arm-none-eabi/5.4.1/../../../../arm-none-eabi/lib/armv7-m\libg_nano.a(lib_a-errno.o)
 .ARM.attributes
                0x000004af       0x2d c:/program files (x86)/cypress/psoc creator/4.4/psoc creator/import/gnu/arm/5.4.1/bin/../lib/gcc/arm-none-eabi/5.4.1/../../../../arm-none-eabi/lib/armv7-m\libg_nano.a(lib_a-exit.o)
 .ARM.attributes
                0x000004dc       0x2d c:/program files (x86)/cypress/psoc creator/4.4/psoc creator/import/gnu/arm/5.4.1/bin/../lib/gcc/arm-none-eabi/5.4.1/../../../../arm-none-eabi/lib/armv7-m\libg_nano.a(lib_a-impure.o)
 .ARM.attributes
                0x00000509       0x2d c:/program files (x86)/cypress/psoc creator/4.4/psoc creator/import/gnu/arm/5.4.1/bin/../lib/gcc/arm-none-eabi/5.4.1/../../../../arm-none-eabi/lib/armv7-m\libg_nano.a(lib_a-init.o)
 .ARM.attributes
                0x00000536       0x2d c:/program files (x86)/cypress/psoc creator/4.4/psoc creator/import/gnu/arm/5.4.1/bin/../lib/gcc/arm-none-eabi/5.4.1/../../../../arm-none-eabi/lib/armv7-m\libg_nano.a(lib_a-memcpy-stub.o)
 .ARM.attributes
                0x00000563       0x2d c:/program files (x86)/cypress/psoc creator/4.4/psoc creator/import/gnu/arm/5.4.1/bin/../lib/gcc/arm-none-eabi/5.4.1/../../../../arm-none-eabi/lib/armv7-m\libg_nano.a(lib_a-memset.o)
 .ARM.attributes
                0x00000590       0x2d c:/program files (x86)/cypress/psoc creator/4.4/psoc creator/import/gnu/arm/5.4.1/bin/../lib/gcc/arm-none-eabi/5.4.1/../../../../arm-none-eabi/lib/armv7-m\libg_nano.a(lib_a-nano-vfprintf_float.o)
 .ARM.attributes
                0x000005bd       0x2d c:/program files (x86)/cypress/psoc creator/4.4/psoc creator/import/gnu/arm/5.4.1/bin/../lib/gcc/arm-none-eabi/5.4.1/../../../../arm-none-eabi/lib/armv7-m\libg_nano.a(lib_a-nano-vfprintf_i.o)
 .ARM.attributes
                0x000005ea       0x2d c:/program files (x86)/cypress/psoc creator/4.4/psoc creator/import/gnu/arm/5.4.1/bin/../lib/gcc/arm-none-eabi/5.4.1/../../../../arm-none-eabi/lib/armv7-m\libg_nano.a(lib_a-sprintf.o)
 .ARM.attributes
                0x00000617       0x17 c:/program files (x86)/cypress/psoc creator/4.4/psoc creator/import/gnu/arm/5.4.1/bin/../lib/gcc/arm-none-eabi/5.4.1/../../../../arm-none-eabi/lib/armv7-m\libg_nano.a(lib_a-strlen.o)
 .ARM.attributes
                0x0000062e       0x2d c:/program files (x86)/cypress/psoc creator/4.4/psoc creator/import/gnu/arm/5.4.1/bin/../lib/gcc/arm-none-eabi/5.4.1/../../../../arm-none-eabi/lib/armv7-m\libg_nano.a(lib_a-dtoa.o)
 .ARM.attributes
                0x0000065b       0x2d c:/program files (x86)/cypress/psoc creator/4.4/psoc creator/import/gnu/arm/5.4.1/bin/../lib/gcc/arm-none-eabi/5.4.1/../../../../arm-none-eabi/lib/armv7-m\libg_nano.a(lib_a-locale.o)
 .ARM.attributes
                0x00000688       0x2d c:/program files (x86)/cypress/psoc creator/4.4/psoc creator/import/gnu/arm/5.4.1/bin/../lib/gcc/arm-none-eabi/5.4.1/../../../../arm-none-eabi/lib/armv7-m\libg_nano.a(lib_a-malloc.o)
 .ARM.attributes
                0x000006b5       0x2d c:/program files (x86)/cypress/psoc creator/4.4/psoc creator/import/gnu/arm/5.4.1/bin/../lib/gcc/arm-none-eabi/5.4.1/../../../../arm-none-eabi/lib/armv7-m\libg_nano.a(lib_a-memchr-stub.o)
 .ARM.attributes
                0x000006e2       0x2d c:/program files (x86)/cypress/psoc creator/4.4/psoc creator/import/gnu/arm/5.4.1/bin/../lib/gcc/arm-none-eabi/5.4.1/../../../../arm-none-eabi/lib/armv7-m\libg_nano.a(lib_a-mprec.o)
 .ARM.attributes
                0x0000070f       0x2d c:/program files (x86)/cypress/psoc creator/4.4/psoc creator/import/gnu/arm/5.4.1/bin/../lib/gcc/arm-none-eabi/5.4.1/../../../../arm-none-eabi/lib/armv7-m\libg_nano.a(lib_a-nano-callocr.o)
 .ARM.attributes
                0x0000073c       0x2d c:/program files (x86)/cypress/psoc creator/4.4/psoc creator/import/gnu/arm/5.4.1/bin/../lib/gcc/arm-none-eabi/5.4.1/../../../../arm-none-eabi/lib/armv7-m\libg_nano.a(lib_a-nano-freer.o)
 .ARM.attributes
                0x00000769       0x2d c:/program files (x86)/cypress/psoc creator/4.4/psoc creator/import/gnu/arm/5.4.1/bin/../lib/gcc/arm-none-eabi/5.4.1/../../../../arm-none-eabi/lib/armv7-m\libg_nano.a(lib_a-nano-mallocr.o)
 .ARM.attributes
                0x00000796       0x2d c:/program files (x86)/cypress/psoc creator/4.4/psoc creator/import/gnu/arm/5.4.1/bin/../lib/gcc/arm-none-eabi/5.4.1/../../../../arm-none-eabi/lib/armv7-m\libg_nano.a(lib_a-nano-svfprintf.o)
 .ARM.attributes
                0x000007c3       0x2d c:/program files (x86)/cypress/psoc creator/4.4/psoc creator/import/gnu/arm/5.4.1/bin/../lib/gcc/arm-none-eabi/5.4.1/../../../../arm-none-eabi/lib/armv7-m\libg_nano.a(lib_a-sbrkr.o)
 .ARM.attributes
                0x000007f0       0x1b c:/program files (x86)/cypress/psoc creator/4.4/psoc creator/import/gnu/arm/5.4.1/bin/../lib/gcc/arm-none-eabi/5.4.1/../../../../arm-none-eabi/lib/armv7-m\libg_nano.a(lib_a-strcmp.o)
 .ARM.attributes
                0x0000080b       0x2d c:/program files (x86)/cypress/psoc creator/4.4/psoc creator/import/gnu/arm/5.4.1/bin/../lib/gcc/arm-none-eabi/5.4.1/../../../../arm-none-eabi/lib/armv7-m\libg_nano.a(lib_a-memmove.o)
 .ARM.attributes
                0x00000838       0x2d c:/program files (x86)/cypress/psoc creator/4.4/psoc creator/import/gnu/arm/5.4.1/bin/../lib/gcc/arm-none-eabi/5.4.1/../../../../arm-none-eabi/lib/armv7-m\libg_nano.a(lib_a-mlock.o)
 .ARM.attributes
                0x00000865       0x2d c:/program files (x86)/cypress/psoc creator/4.4/psoc creator/import/gnu/arm/5.4.1/bin/../lib/gcc/arm-none-eabi/5.4.1/../../../../arm-none-eabi/lib/armv7-m\libg_nano.a(lib_a-nano-reallocr.o)
 .ARM.attributes
                0x00000892       0x2d c:/program files (x86)/cypress/psoc creator/4.4/psoc creator/import/gnu/arm/5.4.1/bin/../lib/gcc/arm-none-eabi/5.4.1/../../../../arm-none-eabi/lib/armv7-m\libg_nano.a(lib_a-reent.o)
 .ARM.attributes
                0x000008bf       0x2d c:/program files (x86)/cypress/psoc creator/4.4/psoc creator/import/gnu/arm/5.4.1/bin/../lib/gcc/arm-none-eabi/5.4.1/../../../../arm-none-eabi/lib/armv7-m\libg_nano.a(lib_a-nano-msizer.o)
 .ARM.attributes
                0x000008ec       0x1d c:/program files (x86)/cypress/psoc creator/4.4/psoc creator/import/gnu/arm/5.4.1/bin/../lib/gcc/arm-none-eabi/5.4.1/armv7-m\libgcc.a(_arm_cmpdf2.o)
 .ARM.attributes
                0x00000909       0x1d c:/program files (x86)/cypress/psoc creator/4.4/psoc creator/import/gnu/arm/5.4.1/bin/../lib/gcc/arm-none-eabi/5.4.1/armv7-m\libgcc.a(_arm_unorddf2.o)
 .ARM.attributes
                0x00000926       0x1d c:/program files (x86)/cypress/psoc creator/4.4/psoc creator/import/gnu/arm/5.4.1/bin/../lib/gcc/arm-none-eabi/5.4.1/armv7-m\libgcc.a(_arm_fixdfsi.o)
 .ARM.attributes
                0x00000943       0x2d c:/program files (x86)/cypress/psoc creator/4.4/psoc creator/import/gnu/arm/5.4.1/bin/../lib/gcc/arm-none-eabi/5.4.1/armv7-m/crtend.o
 .ARM.attributes
                0x00000970       0x1d c:/program files (x86)/cypress/psoc creator/4.4/psoc creator/import/gnu/arm/5.4.1/bin/../lib/gcc/arm-none-eabi/5.4.1/armv7-m/crtn.o

/DISCARD/
 *(.note.GNU-stack)
OUTPUT(C:\Users\Acer\3D Objects\Class Notes\PSoC\Workspace_1\display_voltage.cydsn\CortexM3\ARM_GCC_541\Debug\display_voltage.elf elf32-littlearm)
